[0.286s] DEBUG:colcon:Command line arguments: ['/usr/bin/colcon', 'build', '--symlink-install']
[0.286s] DEBUG:colcon:Parsed command line arguments: Namespace(log_base=None, log_level=None, verb_name='build', build_base='build', install_base='install', merge_install=False, symlink_install=True, test_result_base=None, continue_on_error=False, executor='parallel', parallel_workers=12, event_handlers=None, ignore_user_meta=False, metas=['./colcon.meta'], base_paths=['.'], packages_ignore=None, packages_ignore_regex=None, paths=None, packages_up_to=None, packages_up_to_regex=None, packages_above=None, packages_above_and_dependencies=None, packages_above_depth=None, packages_select_by_dep=None, packages_skip_by_dep=None, packages_skip_up_to=None, packages_select_build_failed=False, packages_skip_build_finished=False, packages_select_test_failures=False, packages_skip_test_passed=False, packages_select=None, packages_skip=None, packages_select_regex=None, packages_skip_regex=None, packages_start=None, packages_end=None, cmake_args=None, cmake_target=None, cmake_target_skip_unavailable=False, cmake_clean_cache=False, cmake_clean_first=False, cmake_force_configure=False, ament_cmake_args=None, catkin_cmake_args=None, catkin_skip_building_tests=False, verb_parser=<colcon_defaults.argument_parser.defaults.DefaultArgumentsDecorator object at 0x717e7b976470>, verb_extension=<colcon_core.verb.build.BuildVerb object at 0x717e7b9753c0>, main=<bound method BuildVerb.main of <colcon_core.verb.build.BuildVerb object at 0x717e7b9753c0>>)
[0.713s] Level 1:colcon.colcon_core.package_discovery:discover_packages(colcon_meta) check parameters
[0.713s] Level 1:colcon.colcon_core.package_discovery:discover_packages(recursive) check parameters
[0.713s] Level 1:colcon.colcon_core.package_discovery:discover_packages(ignore) check parameters
[0.713s] Level 1:colcon.colcon_core.package_discovery:discover_packages(path) check parameters
[0.713s] Level 1:colcon.colcon_core.package_discovery:discover_packages(colcon_meta) discover
[0.713s] Level 1:colcon.colcon_core.package_discovery:discover_packages(recursive) discover
[0.713s] INFO:colcon.colcon_core.package_discovery:Crawling recursively for packages in '/home/robo/hunt_ws'
[0.713s] Level 1:colcon.colcon_core.package_identification:_identify(.) by extensions ['ignore', 'ignore_ament_install']
[0.713s] Level 1:colcon.colcon_core.package_identification:_identify(.) by extension 'ignore'
[0.713s] Level 1:colcon.colcon_core.package_identification:_identify(.) by extension 'ignore_ament_install'
[0.713s] Level 1:colcon.colcon_core.package_identification:_identify(.) by extensions ['colcon_pkg']
[0.713s] Level 1:colcon.colcon_core.package_identification:_identify(.) by extension 'colcon_pkg'
[0.713s] Level 1:colcon.colcon_core.package_identification:_identify(.) by extensions ['colcon_meta']
[0.713s] Level 1:colcon.colcon_core.package_identification:_identify(.) by extension 'colcon_meta'
[0.713s] Level 1:colcon.colcon_core.package_identification:_identify(.) by extensions ['ros']
[0.713s] Level 1:colcon.colcon_core.package_identification:_identify(.) by extension 'ros'
[0.722s] Level 1:colcon.colcon_core.package_identification:_identify(.) by extensions ['cmake', 'python']
[0.722s] Level 1:colcon.colcon_core.package_identification:_identify(.) by extension 'cmake'
[0.722s] Level 1:colcon.colcon_core.package_identification:_identify(.) by extension 'python'
[0.722s] Level 1:colcon.colcon_core.package_identification:_identify(.) by extensions ['python_setup_py']
[0.722s] Level 1:colcon.colcon_core.package_identification:_identify(.) by extension 'python_setup_py'
[0.722s] Level 1:colcon.colcon_core.package_identification:_identify(build) by extensions ['ignore', 'ignore_ament_install']
[0.722s] Level 1:colcon.colcon_core.package_identification:_identify(build) by extension 'ignore'
[0.722s] Level 1:colcon.colcon_core.package_identification:_identify(build) ignored
[0.722s] Level 1:colcon.colcon_core.package_identification:_identify(install) by extensions ['ignore', 'ignore_ament_install']
[0.722s] Level 1:colcon.colcon_core.package_identification:_identify(install) by extension 'ignore'
[0.722s] Level 1:colcon.colcon_core.package_identification:_identify(install) ignored
[0.723s] Level 1:colcon.colcon_core.package_identification:_identify(log) by extensions ['ignore', 'ignore_ament_install']
[0.723s] Level 1:colcon.colcon_core.package_identification:_identify(log) by extension 'ignore'
[0.723s] Level 1:colcon.colcon_core.package_identification:_identify(log) ignored
[0.723s] Level 1:colcon.colcon_core.package_identification:_identify(maps) by extensions ['ignore', 'ignore_ament_install']
[0.723s] Level 1:colcon.colcon_core.package_identification:_identify(maps) by extension 'ignore'
[0.723s] Level 1:colcon.colcon_core.package_identification:_identify(maps) by extension 'ignore_ament_install'
[0.723s] Level 1:colcon.colcon_core.package_identification:_identify(maps) by extensions ['colcon_pkg']
[0.723s] Level 1:colcon.colcon_core.package_identification:_identify(maps) by extension 'colcon_pkg'
[0.723s] Level 1:colcon.colcon_core.package_identification:_identify(maps) by extensions ['colcon_meta']
[0.723s] Level 1:colcon.colcon_core.package_identification:_identify(maps) by extension 'colcon_meta'
[0.723s] Level 1:colcon.colcon_core.package_identification:_identify(maps) by extensions ['ros']
[0.723s] Level 1:colcon.colcon_core.package_identification:_identify(maps) by extension 'ros'
[0.723s] Level 1:colcon.colcon_core.package_identification:_identify(maps) by extensions ['cmake', 'python']
[0.723s] Level 1:colcon.colcon_core.package_identification:_identify(maps) by extension 'cmake'
[0.723s] Level 1:colcon.colcon_core.package_identification:_identify(maps) by extension 'python'
[0.723s] Level 1:colcon.colcon_core.package_identification:_identify(maps) by extensions ['python_setup_py']
[0.723s] Level 1:colcon.colcon_core.package_identification:_identify(maps) by extension 'python_setup_py'
[0.723s] Level 1:colcon.colcon_core.package_identification:_identify(src) by extensions ['ignore', 'ignore_ament_install']
[0.723s] Level 1:colcon.colcon_core.package_identification:_identify(src) by extension 'ignore'
[0.723s] Level 1:colcon.colcon_core.package_identification:_identify(src) by extension 'ignore_ament_install'
[0.723s] Level 1:colcon.colcon_core.package_identification:_identify(src) by extensions ['colcon_pkg']
[0.723s] Level 1:colcon.colcon_core.package_identification:_identify(src) by extension 'colcon_pkg'
[0.723s] Level 1:colcon.colcon_core.package_identification:_identify(src) by extensions ['colcon_meta']
[0.723s] Level 1:colcon.colcon_core.package_identification:_identify(src) by extension 'colcon_meta'
[0.723s] Level 1:colcon.colcon_core.package_identification:_identify(src) by extensions ['ros']
[0.723s] Level 1:colcon.colcon_core.package_identification:_identify(src) by extension 'ros'
[0.724s] Level 1:colcon.colcon_core.package_identification:_identify(src) by extensions ['cmake', 'python']
[0.724s] Level 1:colcon.colcon_core.package_identification:_identify(src) by extension 'cmake'
[0.724s] Level 1:colcon.colcon_core.package_identification:_identify(src) by extension 'python'
[0.724s] Level 1:colcon.colcon_core.package_identification:_identify(src) by extensions ['python_setup_py']
[0.724s] Level 1:colcon.colcon_core.package_identification:_identify(src) by extension 'python_setup_py'
[0.724s] Level 1:colcon.colcon_core.package_identification:_identify(src/clue_hunt_description) by extensions ['ignore', 'ignore_ament_install']
[0.724s] Level 1:colcon.colcon_core.package_identification:_identify(src/clue_hunt_description) by extension 'ignore'
[0.724s] Level 1:colcon.colcon_core.package_identification:_identify(src/clue_hunt_description) by extension 'ignore_ament_install'
[0.724s] Level 1:colcon.colcon_core.package_identification:_identify(src/clue_hunt_description) by extensions ['colcon_pkg']
[0.724s] Level 1:colcon.colcon_core.package_identification:_identify(src/clue_hunt_description) by extension 'colcon_pkg'
[0.724s] Level 1:colcon.colcon_core.package_identification:_identify(src/clue_hunt_description) by extensions ['colcon_meta']
[0.724s] Level 1:colcon.colcon_core.package_identification:_identify(src/clue_hunt_description) by extension 'colcon_meta'
[0.724s] Level 1:colcon.colcon_core.package_identification:_identify(src/clue_hunt_description) by extensions ['ros']
[0.724s] Level 1:colcon.colcon_core.package_identification:_identify(src/clue_hunt_description) by extension 'ros'
[0.766s] DEBUG:colcon.colcon_core.package_identification:Package 'src/clue_hunt_description' with type 'ros.ament_cmake' and name 'clue_hunt_description'
[0.766s] Level 1:colcon.colcon_core.package_identification:_identify(src/clue_hunt_gazebo) by extensions ['ignore', 'ignore_ament_install']
[0.766s] Level 1:colcon.colcon_core.package_identification:_identify(src/clue_hunt_gazebo) by extension 'ignore'
[0.767s] Level 1:colcon.colcon_core.package_identification:_identify(src/clue_hunt_gazebo) by extension 'ignore_ament_install'
[0.767s] Level 1:colcon.colcon_core.package_identification:_identify(src/clue_hunt_gazebo) by extensions ['colcon_pkg']
[0.767s] Level 1:colcon.colcon_core.package_identification:_identify(src/clue_hunt_gazebo) by extension 'colcon_pkg'
[0.767s] Level 1:colcon.colcon_core.package_identification:_identify(src/clue_hunt_gazebo) by extensions ['colcon_meta']
[0.767s] Level 1:colcon.colcon_core.package_identification:_identify(src/clue_hunt_gazebo) by extension 'colcon_meta'
[0.767s] Level 1:colcon.colcon_core.package_identification:_identify(src/clue_hunt_gazebo) by extensions ['ros']
[0.767s] Level 1:colcon.colcon_core.package_identification:_identify(src/clue_hunt_gazebo) by extension 'ros'
[0.768s] DEBUG:colcon.colcon_core.package_identification:Package 'src/clue_hunt_gazebo' with type 'ros.ament_cmake' and name 'clue_hunt_gazebo'
[0.768s] Level 1:colcon.colcon_core.package_identification:_identify(src/clue_hunt_navigation) by extensions ['ignore', 'ignore_ament_install']
[0.768s] Level 1:colcon.colcon_core.package_identification:_identify(src/clue_hunt_navigation) by extension 'ignore'
[0.768s] Level 1:colcon.colcon_core.package_identification:_identify(src/clue_hunt_navigation) by extension 'ignore_ament_install'
[0.768s] Level 1:colcon.colcon_core.package_identification:_identify(src/clue_hunt_navigation) by extensions ['colcon_pkg']
[0.768s] Level 1:colcon.colcon_core.package_identification:_identify(src/clue_hunt_navigation) by extension 'colcon_pkg'
[0.768s] Level 1:colcon.colcon_core.package_identification:_identify(src/clue_hunt_navigation) by extensions ['colcon_meta']
[0.768s] Level 1:colcon.colcon_core.package_identification:_identify(src/clue_hunt_navigation) by extension 'colcon_meta'
[0.768s] Level 1:colcon.colcon_core.package_identification:_identify(src/clue_hunt_navigation) by extensions ['ros']
[0.768s] Level 1:colcon.colcon_core.package_identification:_identify(src/clue_hunt_navigation) by extension 'ros'
[0.769s] DEBUG:colcon.colcon_core.package_identification:Package 'src/clue_hunt_navigation' with type 'ros.ament_cmake' and name 'clue_hunt_navigation'
[0.769s] Level 1:colcon.colcon_core.package_identification:_identify(src/clue_hunt_solver) by extensions ['ignore', 'ignore_ament_install']
[0.769s] Level 1:colcon.colcon_core.package_identification:_identify(src/clue_hunt_solver) by extension 'ignore'
[0.769s] Level 1:colcon.colcon_core.package_identification:_identify(src/clue_hunt_solver) by extension 'ignore_ament_install'
[0.770s] Level 1:colcon.colcon_core.package_identification:_identify(src/clue_hunt_solver) by extensions ['colcon_pkg']
[0.770s] Level 1:colcon.colcon_core.package_identification:_identify(src/clue_hunt_solver) by extension 'colcon_pkg'
[0.770s] Level 1:colcon.colcon_core.package_identification:_identify(src/clue_hunt_solver) by extensions ['colcon_meta']
[0.770s] Level 1:colcon.colcon_core.package_identification:_identify(src/clue_hunt_solver) by extension 'colcon_meta'
[0.770s] Level 1:colcon.colcon_core.package_identification:_identify(src/clue_hunt_solver) by extensions ['ros']
[0.770s] Level 1:colcon.colcon_core.package_identification:_identify(src/clue_hunt_solver) by extension 'ros'
[0.771s] DEBUG:colcon.colcon_core.package_identification:Package 'src/clue_hunt_solver' with type 'ros.ament_python' and name 'clue_hunt_solver'
[0.771s] Level 1:colcon.colcon_core.package_discovery:discover_packages(recursive) using defaults
[0.771s] Level 1:colcon.colcon_core.package_discovery:discover_packages(ignore) discover
[0.771s] Level 1:colcon.colcon_core.package_discovery:discover_packages(ignore) using defaults
[0.771s] Level 1:colcon.colcon_core.package_discovery:discover_packages(path) discover
[0.771s] Level 1:colcon.colcon_core.package_discovery:discover_packages(path) using defaults
[0.893s] Level 5:colcon.colcon_core.verb:set package 'clue_hunt_description' build argument 'cmake_args' from command line to 'None'
[0.893s] Level 5:colcon.colcon_core.verb:set package 'clue_hunt_description' build argument 'cmake_target' from command line to 'None'
[0.893s] Level 5:colcon.colcon_core.verb:set package 'clue_hunt_description' build argument 'cmake_target_skip_unavailable' from command line to 'False'
[0.893s] Level 5:colcon.colcon_core.verb:set package 'clue_hunt_description' build argument 'cmake_clean_cache' from command line to 'False'
[0.893s] Level 5:colcon.colcon_core.verb:set package 'clue_hunt_description' build argument 'cmake_clean_first' from command line to 'False'
[0.893s] Level 5:colcon.colcon_core.verb:set package 'clue_hunt_description' build argument 'cmake_force_configure' from command line to 'False'
[0.893s] Level 5:colcon.colcon_core.verb:set package 'clue_hunt_description' build argument 'ament_cmake_args' from command line to 'None'
[0.893s] Level 5:colcon.colcon_core.verb:set package 'clue_hunt_description' build argument 'catkin_cmake_args' from command line to 'None'
[0.893s] Level 5:colcon.colcon_core.verb:set package 'clue_hunt_description' build argument 'catkin_skip_building_tests' from command line to 'False'
[0.893s] DEBUG:colcon.colcon_core.verb:Building package 'clue_hunt_description' with the following arguments: {'ament_cmake_args': None, 'build_base': '/home/robo/hunt_ws/build/clue_hunt_description', 'catkin_cmake_args': None, 'catkin_skip_building_tests': False, 'cmake_args': None, 'cmake_clean_cache': False, 'cmake_clean_first': False, 'cmake_force_configure': False, 'cmake_target': None, 'cmake_target_skip_unavailable': False, 'install_base': '/home/robo/hunt_ws/install/clue_hunt_description', 'merge_install': False, 'path': '/home/robo/hunt_ws/src/clue_hunt_description', 'symlink_install': True, 'test_result_base': None}
[0.893s] Level 5:colcon.colcon_core.verb:set package 'clue_hunt_solver' build argument 'cmake_args' from command line to 'None'
[0.894s] Level 5:colcon.colcon_core.verb:set package 'clue_hunt_solver' build argument 'cmake_target' from command line to 'None'
[0.894s] Level 5:colcon.colcon_core.verb:set package 'clue_hunt_solver' build argument 'cmake_target_skip_unavailable' from command line to 'False'
[0.894s] Level 5:colcon.colcon_core.verb:set package 'clue_hunt_solver' build argument 'cmake_clean_cache' from command line to 'False'
[0.894s] Level 5:colcon.colcon_core.verb:set package 'clue_hunt_solver' build argument 'cmake_clean_first' from command line to 'False'
[0.894s] Level 5:colcon.colcon_core.verb:set package 'clue_hunt_solver' build argument 'cmake_force_configure' from command line to 'False'
[0.894s] Level 5:colcon.colcon_core.verb:set package 'clue_hunt_solver' build argument 'ament_cmake_args' from command line to 'None'
[0.894s] Level 5:colcon.colcon_core.verb:set package 'clue_hunt_solver' build argument 'catkin_cmake_args' from command line to 'None'
[0.894s] Level 5:colcon.colcon_core.verb:set package 'clue_hunt_solver' build argument 'catkin_skip_building_tests' from command line to 'False'
[0.894s] DEBUG:colcon.colcon_core.verb:Building package 'clue_hunt_solver' with the following arguments: {'ament_cmake_args': None, 'build_base': '/home/robo/hunt_ws/build/clue_hunt_solver', 'catkin_cmake_args': None, 'catkin_skip_building_tests': False, 'cmake_args': None, 'cmake_clean_cache': False, 'cmake_clean_first': False, 'cmake_force_configure': False, 'cmake_target': None, 'cmake_target_skip_unavailable': False, 'install_base': '/home/robo/hunt_ws/install/clue_hunt_solver', 'merge_install': False, 'path': '/home/robo/hunt_ws/src/clue_hunt_solver', 'symlink_install': True, 'test_result_base': None}
[0.894s] Level 5:colcon.colcon_core.verb:set package 'clue_hunt_gazebo' build argument 'cmake_args' from command line to 'None'
[0.894s] Level 5:colcon.colcon_core.verb:set package 'clue_hunt_gazebo' build argument 'cmake_target' from command line to 'None'
[0.894s] Level 5:colcon.colcon_core.verb:set package 'clue_hunt_gazebo' build argument 'cmake_target_skip_unavailable' from command line to 'False'
[0.894s] Level 5:colcon.colcon_core.verb:set package 'clue_hunt_gazebo' build argument 'cmake_clean_cache' from command line to 'False'
[0.894s] Level 5:colcon.colcon_core.verb:set package 'clue_hunt_gazebo' build argument 'cmake_clean_first' from command line to 'False'
[0.894s] Level 5:colcon.colcon_core.verb:set package 'clue_hunt_gazebo' build argument 'cmake_force_configure' from command line to 'False'
[0.895s] Level 5:colcon.colcon_core.verb:set package 'clue_hunt_gazebo' build argument 'ament_cmake_args' from command line to 'None'
[0.895s] Level 5:colcon.colcon_core.verb:set package 'clue_hunt_gazebo' build argument 'catkin_cmake_args' from command line to 'None'
[0.895s] Level 5:colcon.colcon_core.verb:set package 'clue_hunt_gazebo' build argument 'catkin_skip_building_tests' from command line to 'False'
[0.895s] DEBUG:colcon.colcon_core.verb:Building package 'clue_hunt_gazebo' with the following arguments: {'ament_cmake_args': None, 'build_base': '/home/robo/hunt_ws/build/clue_hunt_gazebo', 'catkin_cmake_args': None, 'catkin_skip_building_tests': False, 'cmake_args': None, 'cmake_clean_cache': False, 'cmake_clean_first': False, 'cmake_force_configure': False, 'cmake_target': None, 'cmake_target_skip_unavailable': False, 'install_base': '/home/robo/hunt_ws/install/clue_hunt_gazebo', 'merge_install': False, 'path': '/home/robo/hunt_ws/src/clue_hunt_gazebo', 'symlink_install': True, 'test_result_base': None}
[0.895s] Level 5:colcon.colcon_core.verb:set package 'clue_hunt_navigation' build argument 'cmake_args' from command line to 'None'
[0.895s] Level 5:colcon.colcon_core.verb:set package 'clue_hunt_navigation' build argument 'cmake_target' from command line to 'None'
[0.895s] Level 5:colcon.colcon_core.verb:set package 'clue_hunt_navigation' build argument 'cmake_target_skip_unavailable' from command line to 'False'
[0.895s] Level 5:colcon.colcon_core.verb:set package 'clue_hunt_navigation' build argument 'cmake_clean_cache' from command line to 'False'
[0.895s] Level 5:colcon.colcon_core.verb:set package 'clue_hunt_navigation' build argument 'cmake_clean_first' from command line to 'False'
[0.895s] Level 5:colcon.colcon_core.verb:set package 'clue_hunt_navigation' build argument 'cmake_force_configure' from command line to 'False'
[0.895s] Level 5:colcon.colcon_core.verb:set package 'clue_hunt_navigation' build argument 'ament_cmake_args' from command line to 'None'
[0.895s] Level 5:colcon.colcon_core.verb:set package 'clue_hunt_navigation' build argument 'catkin_cmake_args' from command line to 'None'
[0.895s] Level 5:colcon.colcon_core.verb:set package 'clue_hunt_navigation' build argument 'catkin_skip_building_tests' from command line to 'False'
[0.895s] DEBUG:colcon.colcon_core.verb:Building package 'clue_hunt_navigation' with the following arguments: {'ament_cmake_args': None, 'build_base': '/home/robo/hunt_ws/build/clue_hunt_navigation', 'catkin_cmake_args': None, 'catkin_skip_building_tests': False, 'cmake_args': None, 'cmake_clean_cache': False, 'cmake_clean_first': False, 'cmake_force_configure': False, 'cmake_target': None, 'cmake_target_skip_unavailable': False, 'install_base': '/home/robo/hunt_ws/install/clue_hunt_navigation', 'merge_install': False, 'path': '/home/robo/hunt_ws/src/clue_hunt_navigation', 'symlink_install': True, 'test_result_base': None}
[0.896s] INFO:colcon.colcon_core.executor:Executing jobs using 'parallel' executor
[0.897s] DEBUG:colcon.colcon_parallel_executor.executor.parallel:run_until_complete
[0.897s] INFO:colcon.colcon_ros.task.ament_cmake.build:Building ROS package in '/home/robo/hunt_ws/src/clue_hunt_description' with build type 'ament_cmake'
[0.897s] INFO:colcon.colcon_cmake.task.cmake.build:Building CMake package in '/home/robo/hunt_ws/src/clue_hunt_description'
[0.902s] INFO:colcon.colcon_core.plugin_system:Skipping extension 'colcon_core.shell.bat': Not used on non-Windows systems
[0.902s] INFO:colcon.colcon_core.shell:Skip shell extension 'powershell' for command environment: Not usable outside of PowerShell
[0.902s] DEBUG:colcon.colcon_core.shell:Skip shell extension 'dsv' for command environment
[0.959s] DEBUG:colcon.colcon_core.shell:Ignoring prefix path '/home/robo/yuvaan_ws/devel'
[0.960s] DEBUG:colcon.colcon_core.shell:Ignoring prefix path '/opt/ros/noetic'
[0.962s] INFO:colcon.colcon_ros.task.ament_python.build:Building ROS package in '/home/robo/hunt_ws/src/clue_hunt_solver' with build type 'ament_python'
[0.962s] Level 1:colcon.colcon_core.shell:create_environment_hook('clue_hunt_solver', 'ament_prefix_path')
[0.963s] INFO:colcon.colcon_core.shell:Creating environment hook '/home/robo/hunt_ws/install/clue_hunt_solver/share/clue_hunt_solver/hook/ament_prefix_path.ps1'
[0.964s] INFO:colcon.colcon_core.shell:Creating environment descriptor '/home/robo/hunt_ws/install/clue_hunt_solver/share/clue_hunt_solver/hook/ament_prefix_path.dsv'
[0.964s] INFO:colcon.colcon_core.shell:Creating environment hook '/home/robo/hunt_ws/install/clue_hunt_solver/share/clue_hunt_solver/hook/ament_prefix_path.sh'
[0.965s] INFO:colcon.colcon_core.shell:Skip shell extension 'powershell' for command environment: Not usable outside of PowerShell
[0.966s] DEBUG:colcon.colcon_core.shell:Skip shell extension 'dsv' for command environment
[0.973s] DEBUG:colcon.colcon_core.shell:Ignoring prefix path '/home/robo/yuvaan_ws/devel'
[0.974s] DEBUG:colcon.colcon_core.shell:Ignoring prefix path '/opt/ros/noetic'
[0.986s] DEBUG:colcon.colcon_core.event_handler.log_command:Invoking command in '/home/robo/hunt_ws/build/clue_hunt_description': CMAKE_PREFIX_PATH=/home/robo/pico_ws/install/whycode:/home/robo/pico_ws/install/swift_pico:/home/robo/pico_ws/install/whycode_interfaces:/home/robo/pico_ws/install/swift_pico_description:/home/robo/pico_ws/install/rotors_swift_interface:/home/robo/pico_ws/install/swift_msgs:/home/robo/pico_ws/install/rotors_swift_gazebo:/home/robo/pico_ws/install/rotors_swift_description:/home/robo/pico_ws/install/rotors_control:/home/robo/pico_ws/install/pid_tune:/home/robo/pico_ws/install/mav_comm:/home/robo/pico_ws/install/mav_system_msgs:/home/robo/pico_ws/install/mav_state_machine_msgs:/home/robo/pico_ws/install/mav_planning_msgs:/home/robo/pico_ws/install/mav_msgs:/home/robo/pico_ws/install/error_msg:/home/robo/pico_ws/install/controller_msg:/home/robo/cognipilot/cranium/install/synapse_ros:/home/robo/cognipilot/cranium/install/synapse_gz:/home/robo/cognipilot/cranium/install/synapse_tinyframe:/home/robo/cognipilot/cranium/install/synapse_protobuf:/home/robo/cognipilot/cranium/install/corti:/home/robo/cognipilot/cranium/install/synapse_msgs:/home/robo/cognipilot/cranium/install/dream_world:/home/robo/cognipilot/cranium/install/cerebri_bringup:/home/robo/cognipilot/cranium/install/b3rb_simulator:/home/robo/cognipilot/cranium/install/b3rb_desktop:/home/robo/cognipilot/cranium/install/b3rb_rviz:/home/robo/cognipilot/cranium/install/b3rb_nav2:/home/robo/cognipilot/cranium/install/b3rb_gz_resource:/home/robo/cognipilot/cranium/install/b3rb_gz_bringup:/home/robo/cognipilot/cranium/install/b3rb_description:/home/robo/cognipilot/cranium/install/b3rb_ros_line_follower:/opt/ros/humble:/home/robo/yuvaan_ws/devel:/opt/ros/noetic /usr/bin/cmake /home/robo/hunt_ws/src/clue_hunt_description -DAMENT_CMAKE_SYMLINK_INSTALL=1 -DCMAKE_INSTALL_PREFIX=/home/robo/hunt_ws/install/clue_hunt_description
[1.241s] INFO:colcon.colcon_core.task.python.build:Building Python package in '/home/robo/hunt_ws/src/clue_hunt_solver'
[1.242s] INFO:colcon.colcon_core.shell:Skip shell extension 'powershell' for command environment: Not usable outside of PowerShell
[1.242s] DEBUG:colcon.colcon_core.shell:Skip shell extension 'dsv' for command environment
[1.248s] DEBUG:colcon.colcon_core.shell:Ignoring prefix path '/home/robo/yuvaan_ws/devel'
[1.248s] DEBUG:colcon.colcon_core.shell:Ignoring prefix path '/opt/ros/noetic'
[3.983s] DEBUG:colcon.colcon_core.task.python.build:Available setuptools commands: bdist_egg, install_lib, install_scripts, upload_docs, sdist, install_data, alias, upload, egg_info, clean, compile_catalog, symlink_data, build_py, build, develop, register, install_egg_info, build_clib, dist_info, saveopts, init_catalog, check, bdist, extract_messages, install_headers, install, bdist_wheel, setopt, bdist_dumb, easy_install, update_catalog, build_ext, bdist_rpm, build_scripts, rotate, nosetests, test
[4.234s] DEBUG:colcon.colcon_core.task.python.build:Available setuptools 'develop' options: --exclude-scripts, --multi-version, --user, --no-deps, --version, --help, --index-url, --editable, --build-directory, --optimize, --find-links, --dry-run, --record, --always-copy, --quiet, --upgrade, --egg-path, --allow-hosts, --zip-ok, --verbose, --local-snapshots-ok, --prefix, --install-dir, --always-unzip, --install-layout, --site-dirs, --no-user-cfg, --uninstall, --script-dir, --force-installation-into-system-dir, --no-find-links
[4.237s] DEBUG:colcon.colcon_core.event_handler.log_command:Invoking command in '/home/robo/hunt_ws/build/clue_hunt_solver': PYTHONPATH=/home/robo/hunt_ws/build/clue_hunt_solver/prefix_override:/usr/lib/python3/dist-packages/colcon_core/task/python/colcon_distutils_commands:/home/robo/hunt_ws/install/clue_hunt_solver/lib/python3.10/site-packages:${PYTHONPATH} /usr/bin/python3 -W ignore:setup.py install is deprecated -W ignore:easy_install command is deprecated setup.py develop --editable --build-directory /home/robo/hunt_ws/build/clue_hunt_solver/build --no-deps symlink_data
[4.684s] Level 1:colcon.colcon_core.shell:create_environment_hook('clue_hunt_solver', 'pythonpath_develop')
[4.685s] INFO:colcon.colcon_core.shell:Creating environment hook '/home/robo/hunt_ws/build/clue_hunt_solver/share/clue_hunt_solver/hook/pythonpath_develop.ps1'
[4.685s] DEBUG:colcon.colcon_core.event_handler.log_command:Invoked command in '/home/robo/hunt_ws/build/clue_hunt_solver' returned '0': PYTHONPATH=/home/robo/hunt_ws/build/clue_hunt_solver/prefix_override:/usr/lib/python3/dist-packages/colcon_core/task/python/colcon_distutils_commands:/home/robo/hunt_ws/install/clue_hunt_solver/lib/python3.10/site-packages:${PYTHONPATH} /usr/bin/python3 -W ignore:setup.py install is deprecated -W ignore:easy_install command is deprecated setup.py develop --editable --build-directory /home/robo/hunt_ws/build/clue_hunt_solver/build --no-deps symlink_data
[4.686s] INFO:colcon.colcon_core.shell:Creating environment descriptor '/home/robo/hunt_ws/build/clue_hunt_solver/share/clue_hunt_solver/hook/pythonpath_develop.dsv'
[4.686s] INFO:colcon.colcon_core.shell:Creating environment hook '/home/robo/hunt_ws/build/clue_hunt_solver/share/clue_hunt_solver/hook/pythonpath_develop.sh'
[4.873s] Level 1:colcon.colcon_core.environment:checking '/home/robo/hunt_ws/install/clue_hunt_solver' for CMake module files
[4.874s] Level 1:colcon.colcon_core.environment:checking '/home/robo/hunt_ws/install/clue_hunt_solver' for CMake config files
[4.874s] Level 1:colcon.colcon_core.environment:checking '/home/robo/hunt_ws/install/clue_hunt_solver/lib'
[4.874s] Level 1:colcon.colcon_core.environment:checking '/home/robo/hunt_ws/install/clue_hunt_solver/bin'
[4.875s] Level 1:colcon.colcon_core.environment:checking '/home/robo/hunt_ws/install/clue_hunt_solver/lib/pkgconfig/clue_hunt_solver.pc'
[4.875s] Level 1:colcon.colcon_core.environment:checking '/home/robo/hunt_ws/install/clue_hunt_solver/lib/python3.10/site-packages'
[4.875s] Level 1:colcon.colcon_core.shell:create_environment_hook('clue_hunt_solver', 'pythonpath')
[4.875s] INFO:colcon.colcon_core.shell:Creating environment hook '/home/robo/hunt_ws/install/clue_hunt_solver/share/clue_hunt_solver/hook/pythonpath.ps1'
[4.876s] INFO:colcon.colcon_core.shell:Creating environment descriptor '/home/robo/hunt_ws/install/clue_hunt_solver/share/clue_hunt_solver/hook/pythonpath.dsv'
[4.876s] INFO:colcon.colcon_core.shell:Creating environment hook '/home/robo/hunt_ws/install/clue_hunt_solver/share/clue_hunt_solver/hook/pythonpath.sh'
[4.877s] Level 1:colcon.colcon_core.environment:checking '/home/robo/hunt_ws/install/clue_hunt_solver/bin'
[4.877s] Level 1:colcon.colcon_core.environment:create_environment_scripts_only(clue_hunt_solver)
[4.877s] INFO:colcon.colcon_core.shell:Creating package script '/home/robo/hunt_ws/install/clue_hunt_solver/share/clue_hunt_solver/package.ps1'
[4.905s] INFO:colcon.colcon_core.shell:Creating package descriptor '/home/robo/hunt_ws/install/clue_hunt_solver/share/clue_hunt_solver/package.dsv'
[4.914s] INFO:colcon.colcon_core.shell:Creating package script '/home/robo/hunt_ws/install/clue_hunt_solver/share/clue_hunt_solver/package.sh'
[4.915s] INFO:colcon.colcon_core.shell:Creating package script '/home/robo/hunt_ws/install/clue_hunt_solver/share/clue_hunt_solver/package.bash'
[4.955s] INFO:colcon.colcon_core.shell:Creating package script '/home/robo/hunt_ws/install/clue_hunt_solver/share/clue_hunt_solver/package.zsh'
[4.985s] Level 1:colcon.colcon_core.environment:create_file_with_runtime_dependencies(/home/robo/hunt_ws/install/clue_hunt_solver/share/colcon-core/packages/clue_hunt_solver)
[5.986s] DEBUG:colcon.colcon_core.event_handler.log_command:Invoked command in '/home/robo/hunt_ws/build/clue_hunt_description' returned '0': CMAKE_PREFIX_PATH=/home/robo/pico_ws/install/whycode:/home/robo/pico_ws/install/swift_pico:/home/robo/pico_ws/install/whycode_interfaces:/home/robo/pico_ws/install/swift_pico_description:/home/robo/pico_ws/install/rotors_swift_interface:/home/robo/pico_ws/install/swift_msgs:/home/robo/pico_ws/install/rotors_swift_gazebo:/home/robo/pico_ws/install/rotors_swift_description:/home/robo/pico_ws/install/rotors_control:/home/robo/pico_ws/install/pid_tune:/home/robo/pico_ws/install/mav_comm:/home/robo/pico_ws/install/mav_system_msgs:/home/robo/pico_ws/install/mav_state_machine_msgs:/home/robo/pico_ws/install/mav_planning_msgs:/home/robo/pico_ws/install/mav_msgs:/home/robo/pico_ws/install/error_msg:/home/robo/pico_ws/install/controller_msg:/home/robo/cognipilot/cranium/install/synapse_ros:/home/robo/cognipilot/cranium/install/synapse_gz:/home/robo/cognipilot/cranium/install/synapse_tinyframe:/home/robo/cognipilot/cranium/install/synapse_protobuf:/home/robo/cognipilot/cranium/install/corti:/home/robo/cognipilot/cranium/install/synapse_msgs:/home/robo/cognipilot/cranium/install/dream_world:/home/robo/cognipilot/cranium/install/cerebri_bringup:/home/robo/cognipilot/cranium/install/b3rb_simulator:/home/robo/cognipilot/cranium/install/b3rb_desktop:/home/robo/cognipilot/cranium/install/b3rb_rviz:/home/robo/cognipilot/cranium/install/b3rb_nav2:/home/robo/cognipilot/cranium/install/b3rb_gz_resource:/home/robo/cognipilot/cranium/install/b3rb_gz_bringup:/home/robo/cognipilot/cranium/install/b3rb_description:/home/robo/cognipilot/cranium/install/b3rb_ros_line_follower:/opt/ros/humble:/home/robo/yuvaan_ws/devel:/opt/ros/noetic /usr/bin/cmake /home/robo/hunt_ws/src/clue_hunt_description -DAMENT_CMAKE_SYMLINK_INSTALL=1 -DCMAKE_INSTALL_PREFIX=/home/robo/hunt_ws/install/clue_hunt_description
[5.988s] DEBUG:colcon.colcon_core.event_handler.log_command:Invoking command in '/home/robo/hunt_ws/build/clue_hunt_description': CMAKE_PREFIX_PATH=/home/robo/pico_ws/install/whycode:/home/robo/pico_ws/install/swift_pico:/home/robo/pico_ws/install/whycode_interfaces:/home/robo/pico_ws/install/swift_pico_description:/home/robo/pico_ws/install/rotors_swift_interface:/home/robo/pico_ws/install/swift_msgs:/home/robo/pico_ws/install/rotors_swift_gazebo:/home/robo/pico_ws/install/rotors_swift_description:/home/robo/pico_ws/install/rotors_control:/home/robo/pico_ws/install/pid_tune:/home/robo/pico_ws/install/mav_comm:/home/robo/pico_ws/install/mav_system_msgs:/home/robo/pico_ws/install/mav_state_machine_msgs:/home/robo/pico_ws/install/mav_planning_msgs:/home/robo/pico_ws/install/mav_msgs:/home/robo/pico_ws/install/error_msg:/home/robo/pico_ws/install/controller_msg:/home/robo/cognipilot/cranium/install/synapse_ros:/home/robo/cognipilot/cranium/install/synapse_gz:/home/robo/cognipilot/cranium/install/synapse_tinyframe:/home/robo/cognipilot/cranium/install/synapse_protobuf:/home/robo/cognipilot/cranium/install/corti:/home/robo/cognipilot/cranium/install/synapse_msgs:/home/robo/cognipilot/cranium/install/dream_world:/home/robo/cognipilot/cranium/install/cerebri_bringup:/home/robo/cognipilot/cranium/install/b3rb_simulator:/home/robo/cognipilot/cranium/install/b3rb_desktop:/home/robo/cognipilot/cranium/install/b3rb_rviz:/home/robo/cognipilot/cranium/install/b3rb_nav2:/home/robo/cognipilot/cranium/install/b3rb_gz_resource:/home/robo/cognipilot/cranium/install/b3rb_gz_bringup:/home/robo/cognipilot/cranium/install/b3rb_description:/home/robo/cognipilot/cranium/install/b3rb_ros_line_follower:/opt/ros/humble:/home/robo/yuvaan_ws/devel:/opt/ros/noetic /usr/bin/cmake --build /home/robo/hunt_ws/build/clue_hunt_description -- -j12 -l12
[6.034s] DEBUG:colcon.colcon_core.event_handler.log_command:Invoked command in '/home/robo/hunt_ws/build/clue_hunt_description' returned '0': CMAKE_PREFIX_PATH=/home/robo/pico_ws/install/whycode:/home/robo/pico_ws/install/swift_pico:/home/robo/pico_ws/install/whycode_interfaces:/home/robo/pico_ws/install/swift_pico_description:/home/robo/pico_ws/install/rotors_swift_interface:/home/robo/pico_ws/install/swift_msgs:/home/robo/pico_ws/install/rotors_swift_gazebo:/home/robo/pico_ws/install/rotors_swift_description:/home/robo/pico_ws/install/rotors_control:/home/robo/pico_ws/install/pid_tune:/home/robo/pico_ws/install/mav_comm:/home/robo/pico_ws/install/mav_system_msgs:/home/robo/pico_ws/install/mav_state_machine_msgs:/home/robo/pico_ws/install/mav_planning_msgs:/home/robo/pico_ws/install/mav_msgs:/home/robo/pico_ws/install/error_msg:/home/robo/pico_ws/install/controller_msg:/home/robo/cognipilot/cranium/install/synapse_ros:/home/robo/cognipilot/cranium/install/synapse_gz:/home/robo/cognipilot/cranium/install/synapse_tinyframe:/home/robo/cognipilot/cranium/install/synapse_protobuf:/home/robo/cognipilot/cranium/install/corti:/home/robo/cognipilot/cranium/install/synapse_msgs:/home/robo/cognipilot/cranium/install/dream_world:/home/robo/cognipilot/cranium/install/cerebri_bringup:/home/robo/cognipilot/cranium/install/b3rb_simulator:/home/robo/cognipilot/cranium/install/b3rb_desktop:/home/robo/cognipilot/cranium/install/b3rb_rviz:/home/robo/cognipilot/cranium/install/b3rb_nav2:/home/robo/cognipilot/cranium/install/b3rb_gz_resource:/home/robo/cognipilot/cranium/install/b3rb_gz_bringup:/home/robo/cognipilot/cranium/install/b3rb_description:/home/robo/cognipilot/cranium/install/b3rb_ros_line_follower:/opt/ros/humble:/home/robo/yuvaan_ws/devel:/opt/ros/noetic /usr/bin/cmake --build /home/robo/hunt_ws/build/clue_hunt_description -- -j12 -l12
[6.046s] DEBUG:colcon.colcon_core.event_handler.log_command:Invoking command in '/home/robo/hunt_ws/build/clue_hunt_description': CMAKE_PREFIX_PATH=/home/robo/pico_ws/install/whycode:/home/robo/pico_ws/install/swift_pico:/home/robo/pico_ws/install/whycode_interfaces:/home/robo/pico_ws/install/swift_pico_description:/home/robo/pico_ws/install/rotors_swift_interface:/home/robo/pico_ws/install/swift_msgs:/home/robo/pico_ws/install/rotors_swift_gazebo:/home/robo/pico_ws/install/rotors_swift_description:/home/robo/pico_ws/install/rotors_control:/home/robo/pico_ws/install/pid_tune:/home/robo/pico_ws/install/mav_comm:/home/robo/pico_ws/install/mav_system_msgs:/home/robo/pico_ws/install/mav_state_machine_msgs:/home/robo/pico_ws/install/mav_planning_msgs:/home/robo/pico_ws/install/mav_msgs:/home/robo/pico_ws/install/error_msg:/home/robo/pico_ws/install/controller_msg:/home/robo/cognipilot/cranium/install/synapse_ros:/home/robo/cognipilot/cranium/install/synapse_gz:/home/robo/cognipilot/cranium/install/synapse_tinyframe:/home/robo/cognipilot/cranium/install/synapse_protobuf:/home/robo/cognipilot/cranium/install/corti:/home/robo/cognipilot/cranium/install/synapse_msgs:/home/robo/cognipilot/cranium/install/dream_world:/home/robo/cognipilot/cranium/install/cerebri_bringup:/home/robo/cognipilot/cranium/install/b3rb_simulator:/home/robo/cognipilot/cranium/install/b3rb_desktop:/home/robo/cognipilot/cranium/install/b3rb_rviz:/home/robo/cognipilot/cranium/install/b3rb_nav2:/home/robo/cognipilot/cranium/install/b3rb_gz_resource:/home/robo/cognipilot/cranium/install/b3rb_gz_bringup:/home/robo/cognipilot/cranium/install/b3rb_description:/home/robo/cognipilot/cranium/install/b3rb_ros_line_follower:/opt/ros/humble:/home/robo/yuvaan_ws/devel:/opt/ros/noetic /usr/bin/cmake --install /home/robo/hunt_ws/build/clue_hunt_description
[6.287s] Level 1:colcon.colcon_core.environment:create_environment_scripts_only(clue_hunt_description)
[6.288s] Level 1:colcon.colcon_core.environment:checking '/home/robo/hunt_ws/install/clue_hunt_description' for CMake module files
[6.288s] DEBUG:colcon.colcon_core.event_handler.log_command:Invoked command in '/home/robo/hunt_ws/build/clue_hunt_description' returned '0': CMAKE_PREFIX_PATH=/home/robo/pico_ws/install/whycode:/home/robo/pico_ws/install/swift_pico:/home/robo/pico_ws/install/whycode_interfaces:/home/robo/pico_ws/install/swift_pico_description:/home/robo/pico_ws/install/rotors_swift_interface:/home/robo/pico_ws/install/swift_msgs:/home/robo/pico_ws/install/rotors_swift_gazebo:/home/robo/pico_ws/install/rotors_swift_description:/home/robo/pico_ws/install/rotors_control:/home/robo/pico_ws/install/pid_tune:/home/robo/pico_ws/install/mav_comm:/home/robo/pico_ws/install/mav_system_msgs:/home/robo/pico_ws/install/mav_state_machine_msgs:/home/robo/pico_ws/install/mav_planning_msgs:/home/robo/pico_ws/install/mav_msgs:/home/robo/pico_ws/install/error_msg:/home/robo/pico_ws/install/controller_msg:/home/robo/cognipilot/cranium/install/synapse_ros:/home/robo/cognipilot/cranium/install/synapse_gz:/home/robo/cognipilot/cranium/install/synapse_tinyframe:/home/robo/cognipilot/cranium/install/synapse_protobuf:/home/robo/cognipilot/cranium/install/corti:/home/robo/cognipilot/cranium/install/synapse_msgs:/home/robo/cognipilot/cranium/install/dream_world:/home/robo/cognipilot/cranium/install/cerebri_bringup:/home/robo/cognipilot/cranium/install/b3rb_simulator:/home/robo/cognipilot/cranium/install/b3rb_desktop:/home/robo/cognipilot/cranium/install/b3rb_rviz:/home/robo/cognipilot/cranium/install/b3rb_nav2:/home/robo/cognipilot/cranium/install/b3rb_gz_resource:/home/robo/cognipilot/cranium/install/b3rb_gz_bringup:/home/robo/cognipilot/cranium/install/b3rb_description:/home/robo/cognipilot/cranium/install/b3rb_ros_line_follower:/opt/ros/humble:/home/robo/yuvaan_ws/devel:/opt/ros/noetic /usr/bin/cmake --install /home/robo/hunt_ws/build/clue_hunt_description
[6.288s] Level 1:colcon.colcon_core.environment:checking '/home/robo/hunt_ws/install/clue_hunt_description' for CMake config files
[6.288s] Level 1:colcon.colcon_core.shell:create_environment_hook('clue_hunt_description', 'cmake_prefix_path')
[6.289s] INFO:colcon.colcon_core.shell:Creating environment hook '/home/robo/hunt_ws/install/clue_hunt_description/share/clue_hunt_description/hook/cmake_prefix_path.ps1'
[6.289s] INFO:colcon.colcon_core.shell:Creating environment descriptor '/home/robo/hunt_ws/install/clue_hunt_description/share/clue_hunt_description/hook/cmake_prefix_path.dsv'
[6.289s] INFO:colcon.colcon_core.shell:Creating environment hook '/home/robo/hunt_ws/install/clue_hunt_description/share/clue_hunt_description/hook/cmake_prefix_path.sh'
[6.289s] Level 1:colcon.colcon_core.environment:checking '/home/robo/hunt_ws/install/clue_hunt_description/bin'
[6.290s] Level 1:colcon.colcon_core.environment:checking '/home/robo/hunt_ws/install/clue_hunt_description/lib/pkgconfig/clue_hunt_description.pc'
[6.290s] Level 1:colcon.colcon_core.environment:checking '/home/robo/hunt_ws/install/clue_hunt_description/lib/python3.10/site-packages'
[6.290s] Level 1:colcon.colcon_core.environment:checking '/home/robo/hunt_ws/install/clue_hunt_description/bin'
[6.290s] INFO:colcon.colcon_core.shell:Creating package script '/home/robo/hunt_ws/install/clue_hunt_description/share/clue_hunt_description/package.ps1'
[6.291s] INFO:colcon.colcon_core.shell:Creating package descriptor '/home/robo/hunt_ws/install/clue_hunt_description/share/clue_hunt_description/package.dsv'
[6.291s] INFO:colcon.colcon_core.shell:Creating package script '/home/robo/hunt_ws/install/clue_hunt_description/share/clue_hunt_description/package.sh'
[6.291s] INFO:colcon.colcon_core.shell:Creating package script '/home/robo/hunt_ws/install/clue_hunt_description/share/clue_hunt_description/package.bash'
[6.291s] INFO:colcon.colcon_core.shell:Creating package script '/home/robo/hunt_ws/install/clue_hunt_description/share/clue_hunt_description/package.zsh'
[6.292s] Level 1:colcon.colcon_core.environment:create_file_with_runtime_dependencies(/home/robo/hunt_ws/install/clue_hunt_description/share/colcon-core/packages/clue_hunt_description)
[6.292s] Level 1:colcon.colcon_core.environment:create_environment_scripts_only(clue_hunt_description)
[6.292s] Level 1:colcon.colcon_core.environment:checking '/home/robo/hunt_ws/install/clue_hunt_description' for CMake module files
[6.293s] Level 1:colcon.colcon_core.environment:checking '/home/robo/hunt_ws/install/clue_hunt_description' for CMake config files
[6.293s] Level 1:colcon.colcon_core.shell:create_environment_hook('clue_hunt_description', 'cmake_prefix_path')
[6.293s] INFO:colcon.colcon_core.shell:Creating environment hook '/home/robo/hunt_ws/install/clue_hunt_description/share/clue_hunt_description/hook/cmake_prefix_path.ps1'
[6.293s] INFO:colcon.colcon_core.shell:Creating environment descriptor '/home/robo/hunt_ws/install/clue_hunt_description/share/clue_hunt_description/hook/cmake_prefix_path.dsv'
[6.293s] INFO:colcon.colcon_core.shell:Creating environment hook '/home/robo/hunt_ws/install/clue_hunt_description/share/clue_hunt_description/hook/cmake_prefix_path.sh'
[6.294s] Level 1:colcon.colcon_core.environment:checking '/home/robo/hunt_ws/install/clue_hunt_description/bin'
[6.294s] Level 1:colcon.colcon_core.environment:checking '/home/robo/hunt_ws/install/clue_hunt_description/lib/pkgconfig/clue_hunt_description.pc'
[6.294s] Level 1:colcon.colcon_core.environment:checking '/home/robo/hunt_ws/install/clue_hunt_description/lib/python3.10/site-packages'
[6.294s] Level 1:colcon.colcon_core.environment:checking '/home/robo/hunt_ws/install/clue_hunt_description/bin'
[6.294s] INFO:colcon.colcon_core.shell:Creating package script '/home/robo/hunt_ws/install/clue_hunt_description/share/clue_hunt_description/package.ps1'
[6.295s] INFO:colcon.colcon_core.shell:Creating package descriptor '/home/robo/hunt_ws/install/clue_hunt_description/share/clue_hunt_description/package.dsv'
[6.295s] INFO:colcon.colcon_core.shell:Creating package script '/home/robo/hunt_ws/install/clue_hunt_description/share/clue_hunt_description/package.sh'
[6.295s] INFO:colcon.colcon_core.shell:Creating package script '/home/robo/hunt_ws/install/clue_hunt_description/share/clue_hunt_description/package.bash'
[6.296s] INFO:colcon.colcon_core.shell:Creating package script '/home/robo/hunt_ws/install/clue_hunt_description/share/clue_hunt_description/package.zsh'
[6.296s] Level 1:colcon.colcon_core.environment:create_file_with_runtime_dependencies(/home/robo/hunt_ws/install/clue_hunt_description/share/colcon-core/packages/clue_hunt_description)
[6.296s] INFO:colcon.colcon_ros.task.ament_cmake.build:Building ROS package in '/home/robo/hunt_ws/src/clue_hunt_gazebo' with build type 'ament_cmake'
[6.296s] INFO:colcon.colcon_cmake.task.cmake.build:Building CMake package in '/home/robo/hunt_ws/src/clue_hunt_gazebo'
[6.296s] INFO:colcon.colcon_core.shell:Skip shell extension 'powershell' for command environment: Not usable outside of PowerShell
[6.296s] DEBUG:colcon.colcon_core.shell:Skip shell extension 'dsv' for command environment
[6.301s] DEBUG:colcon.colcon_core.shell:Ignoring prefix path '/home/robo/yuvaan_ws/devel'
[6.301s] DEBUG:colcon.colcon_core.shell:Ignoring prefix path '/opt/ros/noetic'
[6.308s] DEBUG:colcon.colcon_core.event_handler.log_command:Invoking command in '/home/robo/hunt_ws/build/clue_hunt_gazebo': AMENT_PREFIX_PATH=/home/robo/hunt_ws/install/clue_hunt_description:${AMENT_PREFIX_PATH} CMAKE_PREFIX_PATH=/home/robo/hunt_ws/install/clue_hunt_description:/home/robo/pico_ws/install/whycode:/home/robo/pico_ws/install/swift_pico:/home/robo/pico_ws/install/whycode_interfaces:/home/robo/pico_ws/install/swift_pico_description:/home/robo/pico_ws/install/rotors_swift_interface:/home/robo/pico_ws/install/swift_msgs:/home/robo/pico_ws/install/rotors_swift_gazebo:/home/robo/pico_ws/install/rotors_swift_description:/home/robo/pico_ws/install/rotors_control:/home/robo/pico_ws/install/pid_tune:/home/robo/pico_ws/install/mav_comm:/home/robo/pico_ws/install/mav_system_msgs:/home/robo/pico_ws/install/mav_state_machine_msgs:/home/robo/pico_ws/install/mav_planning_msgs:/home/robo/pico_ws/install/mav_msgs:/home/robo/pico_ws/install/error_msg:/home/robo/pico_ws/install/controller_msg:/home/robo/cognipilot/cranium/install/synapse_ros:/home/robo/cognipilot/cranium/install/synapse_gz:/home/robo/cognipilot/cranium/install/synapse_tinyframe:/home/robo/cognipilot/cranium/install/synapse_protobuf:/home/robo/cognipilot/cranium/install/corti:/home/robo/cognipilot/cranium/install/synapse_msgs:/home/robo/cognipilot/cranium/install/dream_world:/home/robo/cognipilot/cranium/install/cerebri_bringup:/home/robo/cognipilot/cranium/install/b3rb_simulator:/home/robo/cognipilot/cranium/install/b3rb_desktop:/home/robo/cognipilot/cranium/install/b3rb_rviz:/home/robo/cognipilot/cranium/install/b3rb_nav2:/home/robo/cognipilot/cranium/install/b3rb_gz_resource:/home/robo/cognipilot/cranium/install/b3rb_gz_bringup:/home/robo/cognipilot/cranium/install/b3rb_description:/home/robo/cognipilot/cranium/install/b3rb_ros_line_follower:/opt/ros/humble:/home/robo/yuvaan_ws/devel:/opt/ros/noetic /usr/bin/cmake /home/robo/hunt_ws/src/clue_hunt_gazebo -DAMENT_CMAKE_SYMLINK_INSTALL=1 -DCMAKE_INSTALL_PREFIX=/home/robo/hunt_ws/install/clue_hunt_gazebo
[7.035s] DEBUG:colcon.colcon_core.event_handler.log_command:Invoked command in '/home/robo/hunt_ws/build/clue_hunt_gazebo' returned '0': AMENT_PREFIX_PATH=/home/robo/hunt_ws/install/clue_hunt_description:${AMENT_PREFIX_PATH} CMAKE_PREFIX_PATH=/home/robo/hunt_ws/install/clue_hunt_description:/home/robo/pico_ws/install/whycode:/home/robo/pico_ws/install/swift_pico:/home/robo/pico_ws/install/whycode_interfaces:/home/robo/pico_ws/install/swift_pico_description:/home/robo/pico_ws/install/rotors_swift_interface:/home/robo/pico_ws/install/swift_msgs:/home/robo/pico_ws/install/rotors_swift_gazebo:/home/robo/pico_ws/install/rotors_swift_description:/home/robo/pico_ws/install/rotors_control:/home/robo/pico_ws/install/pid_tune:/home/robo/pico_ws/install/mav_comm:/home/robo/pico_ws/install/mav_system_msgs:/home/robo/pico_ws/install/mav_state_machine_msgs:/home/robo/pico_ws/install/mav_planning_msgs:/home/robo/pico_ws/install/mav_msgs:/home/robo/pico_ws/install/error_msg:/home/robo/pico_ws/install/controller_msg:/home/robo/cognipilot/cranium/install/synapse_ros:/home/robo/cognipilot/cranium/install/synapse_gz:/home/robo/cognipilot/cranium/install/synapse_tinyframe:/home/robo/cognipilot/cranium/install/synapse_protobuf:/home/robo/cognipilot/cranium/install/corti:/home/robo/cognipilot/cranium/install/synapse_msgs:/home/robo/cognipilot/cranium/install/dream_world:/home/robo/cognipilot/cranium/install/cerebri_bringup:/home/robo/cognipilot/cranium/install/b3rb_simulator:/home/robo/cognipilot/cranium/install/b3rb_desktop:/home/robo/cognipilot/cranium/install/b3rb_rviz:/home/robo/cognipilot/cranium/install/b3rb_nav2:/home/robo/cognipilot/cranium/install/b3rb_gz_resource:/home/robo/cognipilot/cranium/install/b3rb_gz_bringup:/home/robo/cognipilot/cranium/install/b3rb_description:/home/robo/cognipilot/cranium/install/b3rb_ros_line_follower:/opt/ros/humble:/home/robo/yuvaan_ws/devel:/opt/ros/noetic /usr/bin/cmake /home/robo/hunt_ws/src/clue_hunt_gazebo -DAMENT_CMAKE_SYMLINK_INSTALL=1 -DCMAKE_INSTALL_PREFIX=/home/robo/hunt_ws/install/clue_hunt_gazebo
[7.036s] DEBUG:colcon.colcon_core.event_handler.log_command:Invoking command in '/home/robo/hunt_ws/build/clue_hunt_gazebo': AMENT_PREFIX_PATH=/home/robo/hunt_ws/install/clue_hunt_description:${AMENT_PREFIX_PATH} CMAKE_PREFIX_PATH=/home/robo/hunt_ws/install/clue_hunt_description:/home/robo/pico_ws/install/whycode:/home/robo/pico_ws/install/swift_pico:/home/robo/pico_ws/install/whycode_interfaces:/home/robo/pico_ws/install/swift_pico_description:/home/robo/pico_ws/install/rotors_swift_interface:/home/robo/pico_ws/install/swift_msgs:/home/robo/pico_ws/install/rotors_swift_gazebo:/home/robo/pico_ws/install/rotors_swift_description:/home/robo/pico_ws/install/rotors_control:/home/robo/pico_ws/install/pid_tune:/home/robo/pico_ws/install/mav_comm:/home/robo/pico_ws/install/mav_system_msgs:/home/robo/pico_ws/install/mav_state_machine_msgs:/home/robo/pico_ws/install/mav_planning_msgs:/home/robo/pico_ws/install/mav_msgs:/home/robo/pico_ws/install/error_msg:/home/robo/pico_ws/install/controller_msg:/home/robo/cognipilot/cranium/install/synapse_ros:/home/robo/cognipilot/cranium/install/synapse_gz:/home/robo/cognipilot/cranium/install/synapse_tinyframe:/home/robo/cognipilot/cranium/install/synapse_protobuf:/home/robo/cognipilot/cranium/install/corti:/home/robo/cognipilot/cranium/install/synapse_msgs:/home/robo/cognipilot/cranium/install/dream_world:/home/robo/cognipilot/cranium/install/cerebri_bringup:/home/robo/cognipilot/cranium/install/b3rb_simulator:/home/robo/cognipilot/cranium/install/b3rb_desktop:/home/robo/cognipilot/cranium/install/b3rb_rviz:/home/robo/cognipilot/cranium/install/b3rb_nav2:/home/robo/cognipilot/cranium/install/b3rb_gz_resource:/home/robo/cognipilot/cranium/install/b3rb_gz_bringup:/home/robo/cognipilot/cranium/install/b3rb_description:/home/robo/cognipilot/cranium/install/b3rb_ros_line_follower:/opt/ros/humble:/home/robo/yuvaan_ws/devel:/opt/ros/noetic /usr/bin/cmake --build /home/robo/hunt_ws/build/clue_hunt_gazebo -- -j12 -l12
[7.084s] DEBUG:colcon.colcon_core.event_handler.log_command:Invoked command in '/home/robo/hunt_ws/build/clue_hunt_gazebo' returned '0': AMENT_PREFIX_PATH=/home/robo/hunt_ws/install/clue_hunt_description:${AMENT_PREFIX_PATH} CMAKE_PREFIX_PATH=/home/robo/hunt_ws/install/clue_hunt_description:/home/robo/pico_ws/install/whycode:/home/robo/pico_ws/install/swift_pico:/home/robo/pico_ws/install/whycode_interfaces:/home/robo/pico_ws/install/swift_pico_description:/home/robo/pico_ws/install/rotors_swift_interface:/home/robo/pico_ws/install/swift_msgs:/home/robo/pico_ws/install/rotors_swift_gazebo:/home/robo/pico_ws/install/rotors_swift_description:/home/robo/pico_ws/install/rotors_control:/home/robo/pico_ws/install/pid_tune:/home/robo/pico_ws/install/mav_comm:/home/robo/pico_ws/install/mav_system_msgs:/home/robo/pico_ws/install/mav_state_machine_msgs:/home/robo/pico_ws/install/mav_planning_msgs:/home/robo/pico_ws/install/mav_msgs:/home/robo/pico_ws/install/error_msg:/home/robo/pico_ws/install/controller_msg:/home/robo/cognipilot/cranium/install/synapse_ros:/home/robo/cognipilot/cranium/install/synapse_gz:/home/robo/cognipilot/cranium/install/synapse_tinyframe:/home/robo/cognipilot/cranium/install/synapse_protobuf:/home/robo/cognipilot/cranium/install/corti:/home/robo/cognipilot/cranium/install/synapse_msgs:/home/robo/cognipilot/cranium/install/dream_world:/home/robo/cognipilot/cranium/install/cerebri_bringup:/home/robo/cognipilot/cranium/install/b3rb_simulator:/home/robo/cognipilot/cranium/install/b3rb_desktop:/home/robo/cognipilot/cranium/install/b3rb_rviz:/home/robo/cognipilot/cranium/install/b3rb_nav2:/home/robo/cognipilot/cranium/install/b3rb_gz_resource:/home/robo/cognipilot/cranium/install/b3rb_gz_bringup:/home/robo/cognipilot/cranium/install/b3rb_description:/home/robo/cognipilot/cranium/install/b3rb_ros_line_follower:/opt/ros/humble:/home/robo/yuvaan_ws/devel:/opt/ros/noetic /usr/bin/cmake --build /home/robo/hunt_ws/build/clue_hunt_gazebo -- -j12 -l12
[7.085s] DEBUG:colcon.colcon_core.event_handler.log_command:Invoking command in '/home/robo/hunt_ws/build/clue_hunt_gazebo': AMENT_PREFIX_PATH=/home/robo/hunt_ws/install/clue_hunt_description:${AMENT_PREFIX_PATH} CMAKE_PREFIX_PATH=/home/robo/hunt_ws/install/clue_hunt_description:/home/robo/pico_ws/install/whycode:/home/robo/pico_ws/install/swift_pico:/home/robo/pico_ws/install/whycode_interfaces:/home/robo/pico_ws/install/swift_pico_description:/home/robo/pico_ws/install/rotors_swift_interface:/home/robo/pico_ws/install/swift_msgs:/home/robo/pico_ws/install/rotors_swift_gazebo:/home/robo/pico_ws/install/rotors_swift_description:/home/robo/pico_ws/install/rotors_control:/home/robo/pico_ws/install/pid_tune:/home/robo/pico_ws/install/mav_comm:/home/robo/pico_ws/install/mav_system_msgs:/home/robo/pico_ws/install/mav_state_machine_msgs:/home/robo/pico_ws/install/mav_planning_msgs:/home/robo/pico_ws/install/mav_msgs:/home/robo/pico_ws/install/error_msg:/home/robo/pico_ws/install/controller_msg:/home/robo/cognipilot/cranium/install/synapse_ros:/home/robo/cognipilot/cranium/install/synapse_gz:/home/robo/cognipilot/cranium/install/synapse_tinyframe:/home/robo/cognipilot/cranium/install/synapse_protobuf:/home/robo/cognipilot/cranium/install/corti:/home/robo/cognipilot/cranium/install/synapse_msgs:/home/robo/cognipilot/cranium/install/dream_world:/home/robo/cognipilot/cranium/install/cerebri_bringup:/home/robo/cognipilot/cranium/install/b3rb_simulator:/home/robo/cognipilot/cranium/install/b3rb_desktop:/home/robo/cognipilot/cranium/install/b3rb_rviz:/home/robo/cognipilot/cranium/install/b3rb_nav2:/home/robo/cognipilot/cranium/install/b3rb_gz_resource:/home/robo/cognipilot/cranium/install/b3rb_gz_bringup:/home/robo/cognipilot/cranium/install/b3rb_description:/home/robo/cognipilot/cranium/install/b3rb_ros_line_follower:/opt/ros/humble:/home/robo/yuvaan_ws/devel:/opt/ros/noetic /usr/bin/cmake --install /home/robo/hunt_ws/build/clue_hunt_gazebo
[7.703s] Level 1:colcon.colcon_core.environment:create_environment_scripts_only(clue_hunt_gazebo)
[7.704s] Level 1:colcon.colcon_core.environment:checking '/home/robo/hunt_ws/install/clue_hunt_gazebo' for CMake module files
[7.704s] DEBUG:colcon.colcon_core.event_handler.log_command:Invoked command in '/home/robo/hunt_ws/build/clue_hunt_gazebo' returned '0': AMENT_PREFIX_PATH=/home/robo/hunt_ws/install/clue_hunt_description:${AMENT_PREFIX_PATH} CMAKE_PREFIX_PATH=/home/robo/hunt_ws/install/clue_hunt_description:/home/robo/pico_ws/install/whycode:/home/robo/pico_ws/install/swift_pico:/home/robo/pico_ws/install/whycode_interfaces:/home/robo/pico_ws/install/swift_pico_description:/home/robo/pico_ws/install/rotors_swift_interface:/home/robo/pico_ws/install/swift_msgs:/home/robo/pico_ws/install/rotors_swift_gazebo:/home/robo/pico_ws/install/rotors_swift_description:/home/robo/pico_ws/install/rotors_control:/home/robo/pico_ws/install/pid_tune:/home/robo/pico_ws/install/mav_comm:/home/robo/pico_ws/install/mav_system_msgs:/home/robo/pico_ws/install/mav_state_machine_msgs:/home/robo/pico_ws/install/mav_planning_msgs:/home/robo/pico_ws/install/mav_msgs:/home/robo/pico_ws/install/error_msg:/home/robo/pico_ws/install/controller_msg:/home/robo/cognipilot/cranium/install/synapse_ros:/home/robo/cognipilot/cranium/install/synapse_gz:/home/robo/cognipilot/cranium/install/synapse_tinyframe:/home/robo/cognipilot/cranium/install/synapse_protobuf:/home/robo/cognipilot/cranium/install/corti:/home/robo/cognipilot/cranium/install/synapse_msgs:/home/robo/cognipilot/cranium/install/dream_world:/home/robo/cognipilot/cranium/install/cerebri_bringup:/home/robo/cognipilot/cranium/install/b3rb_simulator:/home/robo/cognipilot/cranium/install/b3rb_desktop:/home/robo/cognipilot/cranium/install/b3rb_rviz:/home/robo/cognipilot/cranium/install/b3rb_nav2:/home/robo/cognipilot/cranium/install/b3rb_gz_resource:/home/robo/cognipilot/cranium/install/b3rb_gz_bringup:/home/robo/cognipilot/cranium/install/b3rb_description:/home/robo/cognipilot/cranium/install/b3rb_ros_line_follower:/opt/ros/humble:/home/robo/yuvaan_ws/devel:/opt/ros/noetic /usr/bin/cmake --install /home/robo/hunt_ws/build/clue_hunt_gazebo
[7.705s] Level 1:colcon.colcon_core.environment:checking '/home/robo/hunt_ws/install/clue_hunt_gazebo' for CMake config files
[7.706s] Level 1:colcon.colcon_core.shell:create_environment_hook('clue_hunt_gazebo', 'cmake_prefix_path')
[7.706s] INFO:colcon.colcon_core.shell:Creating environment hook '/home/robo/hunt_ws/install/clue_hunt_gazebo/share/clue_hunt_gazebo/hook/cmake_prefix_path.ps1'
[7.707s] INFO:colcon.colcon_core.shell:Creating environment descriptor '/home/robo/hunt_ws/install/clue_hunt_gazebo/share/clue_hunt_gazebo/hook/cmake_prefix_path.dsv'
[7.707s] INFO:colcon.colcon_core.shell:Creating environment hook '/home/robo/hunt_ws/install/clue_hunt_gazebo/share/clue_hunt_gazebo/hook/cmake_prefix_path.sh'
[7.708s] Level 1:colcon.colcon_core.environment:checking '/home/robo/hunt_ws/install/clue_hunt_gazebo/bin'
[7.708s] Level 1:colcon.colcon_core.environment:checking '/home/robo/hunt_ws/install/clue_hunt_gazebo/lib/pkgconfig/clue_hunt_gazebo.pc'
[7.709s] Level 1:colcon.colcon_core.environment:checking '/home/robo/hunt_ws/install/clue_hunt_gazebo/lib/python3.10/site-packages'
[7.709s] Level 1:colcon.colcon_core.environment:checking '/home/robo/hunt_ws/install/clue_hunt_gazebo/bin'
[7.709s] INFO:colcon.colcon_core.shell:Creating package script '/home/robo/hunt_ws/install/clue_hunt_gazebo/share/clue_hunt_gazebo/package.ps1'
[7.710s] INFO:colcon.colcon_core.shell:Creating package descriptor '/home/robo/hunt_ws/install/clue_hunt_gazebo/share/clue_hunt_gazebo/package.dsv'
[7.711s] INFO:colcon.colcon_core.shell:Creating package script '/home/robo/hunt_ws/install/clue_hunt_gazebo/share/clue_hunt_gazebo/package.sh'
[7.711s] INFO:colcon.colcon_core.shell:Creating package script '/home/robo/hunt_ws/install/clue_hunt_gazebo/share/clue_hunt_gazebo/package.bash'
[7.711s] INFO:colcon.colcon_core.shell:Creating package script '/home/robo/hunt_ws/install/clue_hunt_gazebo/share/clue_hunt_gazebo/package.zsh'
[7.711s] Level 1:colcon.colcon_core.environment:create_file_with_runtime_dependencies(/home/robo/hunt_ws/install/clue_hunt_gazebo/share/colcon-core/packages/clue_hunt_gazebo)
[7.712s] Level 1:colcon.colcon_core.environment:create_environment_scripts_only(clue_hunt_gazebo)
[7.712s] Level 1:colcon.colcon_core.environment:checking '/home/robo/hunt_ws/install/clue_hunt_gazebo' for CMake module files
[7.712s] Level 1:colcon.colcon_core.environment:checking '/home/robo/hunt_ws/install/clue_hunt_gazebo' for CMake config files
[7.713s] Level 1:colcon.colcon_core.shell:create_environment_hook('clue_hunt_gazebo', 'cmake_prefix_path')
[7.713s] INFO:colcon.colcon_core.shell:Creating environment hook '/home/robo/hunt_ws/install/clue_hunt_gazebo/share/clue_hunt_gazebo/hook/cmake_prefix_path.ps1'
[7.713s] INFO:colcon.colcon_core.shell:Creating environment descriptor '/home/robo/hunt_ws/install/clue_hunt_gazebo/share/clue_hunt_gazebo/hook/cmake_prefix_path.dsv'
[7.713s] INFO:colcon.colcon_core.shell:Creating environment hook '/home/robo/hunt_ws/install/clue_hunt_gazebo/share/clue_hunt_gazebo/hook/cmake_prefix_path.sh'
[7.714s] Level 1:colcon.colcon_core.environment:checking '/home/robo/hunt_ws/install/clue_hunt_gazebo/bin'
[7.714s] Level 1:colcon.colcon_core.environment:checking '/home/robo/hunt_ws/install/clue_hunt_gazebo/lib/pkgconfig/clue_hunt_gazebo.pc'
[7.714s] Level 1:colcon.colcon_core.environment:checking '/home/robo/hunt_ws/install/clue_hunt_gazebo/lib/python3.10/site-packages'
[7.714s] Level 1:colcon.colcon_core.environment:checking '/home/robo/hunt_ws/install/clue_hunt_gazebo/bin'
[7.714s] INFO:colcon.colcon_core.shell:Creating package script '/home/robo/hunt_ws/install/clue_hunt_gazebo/share/clue_hunt_gazebo/package.ps1'
[7.715s] INFO:colcon.colcon_core.shell:Creating package descriptor '/home/robo/hunt_ws/install/clue_hunt_gazebo/share/clue_hunt_gazebo/package.dsv'
[7.715s] INFO:colcon.colcon_core.shell:Creating package script '/home/robo/hunt_ws/install/clue_hunt_gazebo/share/clue_hunt_gazebo/package.sh'
[7.716s] INFO:colcon.colcon_core.shell:Creating package script '/home/robo/hunt_ws/install/clue_hunt_gazebo/share/clue_hunt_gazebo/package.bash'
[7.716s] INFO:colcon.colcon_core.shell:Creating package script '/home/robo/hunt_ws/install/clue_hunt_gazebo/share/clue_hunt_gazebo/package.zsh'
[7.716s] Level 1:colcon.colcon_core.environment:create_file_with_runtime_dependencies(/home/robo/hunt_ws/install/clue_hunt_gazebo/share/colcon-core/packages/clue_hunt_gazebo)
[7.716s] INFO:colcon.colcon_ros.task.ament_cmake.build:Building ROS package in '/home/robo/hunt_ws/src/clue_hunt_navigation' with build type 'ament_cmake'
[7.716s] INFO:colcon.colcon_cmake.task.cmake.build:Building CMake package in '/home/robo/hunt_ws/src/clue_hunt_navigation'
[7.717s] INFO:colcon.colcon_core.shell:Skip shell extension 'powershell' for command environment: Not usable outside of PowerShell
[7.717s] DEBUG:colcon.colcon_core.shell:Skip shell extension 'dsv' for command environment
[7.721s] DEBUG:colcon.colcon_core.shell:Ignoring prefix path '/home/robo/yuvaan_ws/devel'
[7.721s] DEBUG:colcon.colcon_core.shell:Ignoring prefix path '/opt/ros/noetic'
[7.731s] DEBUG:colcon.colcon_core.event_handler.log_command:Invoking command in '/home/robo/hunt_ws/build/clue_hunt_navigation': AMENT_PREFIX_PATH=/home/robo/hunt_ws/install/clue_hunt_gazebo:/home/robo/hunt_ws/install/clue_hunt_description:${AMENT_PREFIX_PATH} CMAKE_PREFIX_PATH=/home/robo/hunt_ws/install/clue_hunt_gazebo:/home/robo/hunt_ws/install/clue_hunt_description:/home/robo/pico_ws/install/whycode:/home/robo/pico_ws/install/swift_pico:/home/robo/pico_ws/install/whycode_interfaces:/home/robo/pico_ws/install/swift_pico_description:/home/robo/pico_ws/install/rotors_swift_interface:/home/robo/pico_ws/install/swift_msgs:/home/robo/pico_ws/install/rotors_swift_gazebo:/home/robo/pico_ws/install/rotors_swift_description:/home/robo/pico_ws/install/rotors_control:/home/robo/pico_ws/install/pid_tune:/home/robo/pico_ws/install/mav_comm:/home/robo/pico_ws/install/mav_system_msgs:/home/robo/pico_ws/install/mav_state_machine_msgs:/home/robo/pico_ws/install/mav_planning_msgs:/home/robo/pico_ws/install/mav_msgs:/home/robo/pico_ws/install/error_msg:/home/robo/pico_ws/install/controller_msg:/home/robo/cognipilot/cranium/install/synapse_ros:/home/robo/cognipilot/cranium/install/synapse_gz:/home/robo/cognipilot/cranium/install/synapse_tinyframe:/home/robo/cognipilot/cranium/install/synapse_protobuf:/home/robo/cognipilot/cranium/install/corti:/home/robo/cognipilot/cranium/install/synapse_msgs:/home/robo/cognipilot/cranium/install/dream_world:/home/robo/cognipilot/cranium/install/cerebri_bringup:/home/robo/cognipilot/cranium/install/b3rb_simulator:/home/robo/cognipilot/cranium/install/b3rb_desktop:/home/robo/cognipilot/cranium/install/b3rb_rviz:/home/robo/cognipilot/cranium/install/b3rb_nav2:/home/robo/cognipilot/cranium/install/b3rb_gz_resource:/home/robo/cognipilot/cranium/install/b3rb_gz_bringup:/home/robo/cognipilot/cranium/install/b3rb_description:/home/robo/cognipilot/cranium/install/b3rb_ros_line_follower:/opt/ros/humble:/home/robo/yuvaan_ws/devel:/opt/ros/noetic /usr/bin/cmake /home/robo/hunt_ws/src/clue_hunt_navigation -DAMENT_CMAKE_SYMLINK_INSTALL=1 -DCMAKE_INSTALL_PREFIX=/home/robo/hunt_ws/install/clue_hunt_navigation
[8.433s] DEBUG:colcon.colcon_core.event_handler.log_command:Invoked command in '/home/robo/hunt_ws/build/clue_hunt_navigation' returned '0': AMENT_PREFIX_PATH=/home/robo/hunt_ws/install/clue_hunt_gazebo:/home/robo/hunt_ws/install/clue_hunt_description:${AMENT_PREFIX_PATH} CMAKE_PREFIX_PATH=/home/robo/hunt_ws/install/clue_hunt_gazebo:/home/robo/hunt_ws/install/clue_hunt_description:/home/robo/pico_ws/install/whycode:/home/robo/pico_ws/install/swift_pico:/home/robo/pico_ws/install/whycode_interfaces:/home/robo/pico_ws/install/swift_pico_description:/home/robo/pico_ws/install/rotors_swift_interface:/home/robo/pico_ws/install/swift_msgs:/home/robo/pico_ws/install/rotors_swift_gazebo:/home/robo/pico_ws/install/rotors_swift_description:/home/robo/pico_ws/install/rotors_control:/home/robo/pico_ws/install/pid_tune:/home/robo/pico_ws/install/mav_comm:/home/robo/pico_ws/install/mav_system_msgs:/home/robo/pico_ws/install/mav_state_machine_msgs:/home/robo/pico_ws/install/mav_planning_msgs:/home/robo/pico_ws/install/mav_msgs:/home/robo/pico_ws/install/error_msg:/home/robo/pico_ws/install/controller_msg:/home/robo/cognipilot/cranium/install/synapse_ros:/home/robo/cognipilot/cranium/install/synapse_gz:/home/robo/cognipilot/cranium/install/synapse_tinyframe:/home/robo/cognipilot/cranium/install/synapse_protobuf:/home/robo/cognipilot/cranium/install/corti:/home/robo/cognipilot/cranium/install/synapse_msgs:/home/robo/cognipilot/cranium/install/dream_world:/home/robo/cognipilot/cranium/install/cerebri_bringup:/home/robo/cognipilot/cranium/install/b3rb_simulator:/home/robo/cognipilot/cranium/install/b3rb_desktop:/home/robo/cognipilot/cranium/install/b3rb_rviz:/home/robo/cognipilot/cranium/install/b3rb_nav2:/home/robo/cognipilot/cranium/install/b3rb_gz_resource:/home/robo/cognipilot/cranium/install/b3rb_gz_bringup:/home/robo/cognipilot/cranium/install/b3rb_description:/home/robo/cognipilot/cranium/install/b3rb_ros_line_follower:/opt/ros/humble:/home/robo/yuvaan_ws/devel:/opt/ros/noetic /usr/bin/cmake /home/robo/hunt_ws/src/clue_hunt_navigation -DAMENT_CMAKE_SYMLINK_INSTALL=1 -DCMAKE_INSTALL_PREFIX=/home/robo/hunt_ws/install/clue_hunt_navigation
[8.434s] DEBUG:colcon.colcon_core.event_handler.log_command:Invoking command in '/home/robo/hunt_ws/build/clue_hunt_navigation': AMENT_PREFIX_PATH=/home/robo/hunt_ws/install/clue_hunt_gazebo:/home/robo/hunt_ws/install/clue_hunt_description:${AMENT_PREFIX_PATH} CMAKE_PREFIX_PATH=/home/robo/hunt_ws/install/clue_hunt_gazebo:/home/robo/hunt_ws/install/clue_hunt_description:/home/robo/pico_ws/install/whycode:/home/robo/pico_ws/install/swift_pico:/home/robo/pico_ws/install/whycode_interfaces:/home/robo/pico_ws/install/swift_pico_description:/home/robo/pico_ws/install/rotors_swift_interface:/home/robo/pico_ws/install/swift_msgs:/home/robo/pico_ws/install/rotors_swift_gazebo:/home/robo/pico_ws/install/rotors_swift_description:/home/robo/pico_ws/install/rotors_control:/home/robo/pico_ws/install/pid_tune:/home/robo/pico_ws/install/mav_comm:/home/robo/pico_ws/install/mav_system_msgs:/home/robo/pico_ws/install/mav_state_machine_msgs:/home/robo/pico_ws/install/mav_planning_msgs:/home/robo/pico_ws/install/mav_msgs:/home/robo/pico_ws/install/error_msg:/home/robo/pico_ws/install/controller_msg:/home/robo/cognipilot/cranium/install/synapse_ros:/home/robo/cognipilot/cranium/install/synapse_gz:/home/robo/cognipilot/cranium/install/synapse_tinyframe:/home/robo/cognipilot/cranium/install/synapse_protobuf:/home/robo/cognipilot/cranium/install/corti:/home/robo/cognipilot/cranium/install/synapse_msgs:/home/robo/cognipilot/cranium/install/dream_world:/home/robo/cognipilot/cranium/install/cerebri_bringup:/home/robo/cognipilot/cranium/install/b3rb_simulator:/home/robo/cognipilot/cranium/install/b3rb_desktop:/home/robo/cognipilot/cranium/install/b3rb_rviz:/home/robo/cognipilot/cranium/install/b3rb_nav2:/home/robo/cognipilot/cranium/install/b3rb_gz_resource:/home/robo/cognipilot/cranium/install/b3rb_gz_bringup:/home/robo/cognipilot/cranium/install/b3rb_description:/home/robo/cognipilot/cranium/install/b3rb_ros_line_follower:/opt/ros/humble:/home/robo/yuvaan_ws/devel:/opt/ros/noetic /usr/bin/cmake --build /home/robo/hunt_ws/build/clue_hunt_navigation -- -j12 -l12
[8.480s] DEBUG:colcon.colcon_core.event_handler.log_command:Invoked command in '/home/robo/hunt_ws/build/clue_hunt_navigation' returned '0': AMENT_PREFIX_PATH=/home/robo/hunt_ws/install/clue_hunt_gazebo:/home/robo/hunt_ws/install/clue_hunt_description:${AMENT_PREFIX_PATH} CMAKE_PREFIX_PATH=/home/robo/hunt_ws/install/clue_hunt_gazebo:/home/robo/hunt_ws/install/clue_hunt_description:/home/robo/pico_ws/install/whycode:/home/robo/pico_ws/install/swift_pico:/home/robo/pico_ws/install/whycode_interfaces:/home/robo/pico_ws/install/swift_pico_description:/home/robo/pico_ws/install/rotors_swift_interface:/home/robo/pico_ws/install/swift_msgs:/home/robo/pico_ws/install/rotors_swift_gazebo:/home/robo/pico_ws/install/rotors_swift_description:/home/robo/pico_ws/install/rotors_control:/home/robo/pico_ws/install/pid_tune:/home/robo/pico_ws/install/mav_comm:/home/robo/pico_ws/install/mav_system_msgs:/home/robo/pico_ws/install/mav_state_machine_msgs:/home/robo/pico_ws/install/mav_planning_msgs:/home/robo/pico_ws/install/mav_msgs:/home/robo/pico_ws/install/error_msg:/home/robo/pico_ws/install/controller_msg:/home/robo/cognipilot/cranium/install/synapse_ros:/home/robo/cognipilot/cranium/install/synapse_gz:/home/robo/cognipilot/cranium/install/synapse_tinyframe:/home/robo/cognipilot/cranium/install/synapse_protobuf:/home/robo/cognipilot/cranium/install/corti:/home/robo/cognipilot/cranium/install/synapse_msgs:/home/robo/cognipilot/cranium/install/dream_world:/home/robo/cognipilot/cranium/install/cerebri_bringup:/home/robo/cognipilot/cranium/install/b3rb_simulator:/home/robo/cognipilot/cranium/install/b3rb_desktop:/home/robo/cognipilot/cranium/install/b3rb_rviz:/home/robo/cognipilot/cranium/install/b3rb_nav2:/home/robo/cognipilot/cranium/install/b3rb_gz_resource:/home/robo/cognipilot/cranium/install/b3rb_gz_bringup:/home/robo/cognipilot/cranium/install/b3rb_description:/home/robo/cognipilot/cranium/install/b3rb_ros_line_follower:/opt/ros/humble:/home/robo/yuvaan_ws/devel:/opt/ros/noetic /usr/bin/cmake --build /home/robo/hunt_ws/build/clue_hunt_navigation -- -j12 -l12
[8.481s] DEBUG:colcon.colcon_core.event_handler.log_command:Invoking command in '/home/robo/hunt_ws/build/clue_hunt_navigation': AMENT_PREFIX_PATH=/home/robo/hunt_ws/install/clue_hunt_gazebo:/home/robo/hunt_ws/install/clue_hunt_description:${AMENT_PREFIX_PATH} CMAKE_PREFIX_PATH=/home/robo/hunt_ws/install/clue_hunt_gazebo:/home/robo/hunt_ws/install/clue_hunt_description:/home/robo/pico_ws/install/whycode:/home/robo/pico_ws/install/swift_pico:/home/robo/pico_ws/install/whycode_interfaces:/home/robo/pico_ws/install/swift_pico_description:/home/robo/pico_ws/install/rotors_swift_interface:/home/robo/pico_ws/install/swift_msgs:/home/robo/pico_ws/install/rotors_swift_gazebo:/home/robo/pico_ws/install/rotors_swift_description:/home/robo/pico_ws/install/rotors_control:/home/robo/pico_ws/install/pid_tune:/home/robo/pico_ws/install/mav_comm:/home/robo/pico_ws/install/mav_system_msgs:/home/robo/pico_ws/install/mav_state_machine_msgs:/home/robo/pico_ws/install/mav_planning_msgs:/home/robo/pico_ws/install/mav_msgs:/home/robo/pico_ws/install/error_msg:/home/robo/pico_ws/install/controller_msg:/home/robo/cognipilot/cranium/install/synapse_ros:/home/robo/cognipilot/cranium/install/synapse_gz:/home/robo/cognipilot/cranium/install/synapse_tinyframe:/home/robo/cognipilot/cranium/install/synapse_protobuf:/home/robo/cognipilot/cranium/install/corti:/home/robo/cognipilot/cranium/install/synapse_msgs:/home/robo/cognipilot/cranium/install/dream_world:/home/robo/cognipilot/cranium/install/cerebri_bringup:/home/robo/cognipilot/cranium/install/b3rb_simulator:/home/robo/cognipilot/cranium/install/b3rb_desktop:/home/robo/cognipilot/cranium/install/b3rb_rviz:/home/robo/cognipilot/cranium/install/b3rb_nav2:/home/robo/cognipilot/cranium/install/b3rb_gz_resource:/home/robo/cognipilot/cranium/install/b3rb_gz_bringup:/home/robo/cognipilot/cranium/install/b3rb_description:/home/robo/cognipilot/cranium/install/b3rb_ros_line_follower:/opt/ros/humble:/home/robo/yuvaan_ws/devel:/opt/ros/noetic /usr/bin/cmake --install /home/robo/hunt_ws/build/clue_hunt_navigation
[8.710s] Level 1:colcon.colcon_core.environment:create_environment_scripts_only(clue_hunt_navigation)
[8.710s] Level 1:colcon.colcon_core.environment:checking '/home/robo/hunt_ws/install/clue_hunt_navigation' for CMake module files
[8.711s] DEBUG:colcon.colcon_core.event_handler.log_command:Invoked command in '/home/robo/hunt_ws/build/clue_hunt_navigation' returned '0': AMENT_PREFIX_PATH=/home/robo/hunt_ws/install/clue_hunt_gazebo:/home/robo/hunt_ws/install/clue_hunt_description:${AMENT_PREFIX_PATH} CMAKE_PREFIX_PATH=/home/robo/hunt_ws/install/clue_hunt_gazebo:/home/robo/hunt_ws/install/clue_hunt_description:/home/robo/pico_ws/install/whycode:/home/robo/pico_ws/install/swift_pico:/home/robo/pico_ws/install/whycode_interfaces:/home/robo/pico_ws/install/swift_pico_description:/home/robo/pico_ws/install/rotors_swift_interface:/home/robo/pico_ws/install/swift_msgs:/home/robo/pico_ws/install/rotors_swift_gazebo:/home/robo/pico_ws/install/rotors_swift_description:/home/robo/pico_ws/install/rotors_control:/home/robo/pico_ws/install/pid_tune:/home/robo/pico_ws/install/mav_comm:/home/robo/pico_ws/install/mav_system_msgs:/home/robo/pico_ws/install/mav_state_machine_msgs:/home/robo/pico_ws/install/mav_planning_msgs:/home/robo/pico_ws/install/mav_msgs:/home/robo/pico_ws/install/error_msg:/home/robo/pico_ws/install/controller_msg:/home/robo/cognipilot/cranium/install/synapse_ros:/home/robo/cognipilot/cranium/install/synapse_gz:/home/robo/cognipilot/cranium/install/synapse_tinyframe:/home/robo/cognipilot/cranium/install/synapse_protobuf:/home/robo/cognipilot/cranium/install/corti:/home/robo/cognipilot/cranium/install/synapse_msgs:/home/robo/cognipilot/cranium/install/dream_world:/home/robo/cognipilot/cranium/install/cerebri_bringup:/home/robo/cognipilot/cranium/install/b3rb_simulator:/home/robo/cognipilot/cranium/install/b3rb_desktop:/home/robo/cognipilot/cranium/install/b3rb_rviz:/home/robo/cognipilot/cranium/install/b3rb_nav2:/home/robo/cognipilot/cranium/install/b3rb_gz_resource:/home/robo/cognipilot/cranium/install/b3rb_gz_bringup:/home/robo/cognipilot/cranium/install/b3rb_description:/home/robo/cognipilot/cranium/install/b3rb_ros_line_follower:/opt/ros/humble:/home/robo/yuvaan_ws/devel:/opt/ros/noetic /usr/bin/cmake --install /home/robo/hunt_ws/build/clue_hunt_navigation
[8.711s] Level 1:colcon.colcon_core.environment:checking '/home/robo/hunt_ws/install/clue_hunt_navigation' for CMake config files
[8.712s] Level 1:colcon.colcon_core.shell:create_environment_hook('clue_hunt_navigation', 'cmake_prefix_path')
[8.712s] INFO:colcon.colcon_core.shell:Creating environment hook '/home/robo/hunt_ws/install/clue_hunt_navigation/share/clue_hunt_navigation/hook/cmake_prefix_path.ps1'
[8.712s] INFO:colcon.colcon_core.shell:Creating environment descriptor '/home/robo/hunt_ws/install/clue_hunt_navigation/share/clue_hunt_navigation/hook/cmake_prefix_path.dsv'
[8.712s] INFO:colcon.colcon_core.shell:Creating environment hook '/home/robo/hunt_ws/install/clue_hunt_navigation/share/clue_hunt_navigation/hook/cmake_prefix_path.sh'
[8.713s] Level 1:colcon.colcon_core.environment:checking '/home/robo/hunt_ws/install/clue_hunt_navigation/bin'
[8.713s] Level 1:colcon.colcon_core.environment:checking '/home/robo/hunt_ws/install/clue_hunt_navigation/lib/pkgconfig/clue_hunt_navigation.pc'
[8.713s] Level 1:colcon.colcon_core.environment:checking '/home/robo/hunt_ws/install/clue_hunt_navigation/lib/python3.10/site-packages'
[8.713s] Level 1:colcon.colcon_core.environment:checking '/home/robo/hunt_ws/install/clue_hunt_navigation/bin'
[8.713s] INFO:colcon.colcon_core.shell:Creating package script '/home/robo/hunt_ws/install/clue_hunt_navigation/share/clue_hunt_navigation/package.ps1'
[8.714s] INFO:colcon.colcon_core.shell:Creating package descriptor '/home/robo/hunt_ws/install/clue_hunt_navigation/share/clue_hunt_navigation/package.dsv'
[8.714s] INFO:colcon.colcon_core.shell:Creating package script '/home/robo/hunt_ws/install/clue_hunt_navigation/share/clue_hunt_navigation/package.sh'
[8.714s] INFO:colcon.colcon_core.shell:Creating package script '/home/robo/hunt_ws/install/clue_hunt_navigation/share/clue_hunt_navigation/package.bash'
[8.715s] INFO:colcon.colcon_core.shell:Creating package script '/home/robo/hunt_ws/install/clue_hunt_navigation/share/clue_hunt_navigation/package.zsh'
[8.715s] Level 1:colcon.colcon_core.environment:create_file_with_runtime_dependencies(/home/robo/hunt_ws/install/clue_hunt_navigation/share/colcon-core/packages/clue_hunt_navigation)
[8.715s] Level 1:colcon.colcon_core.environment:create_environment_scripts_only(clue_hunt_navigation)
[8.715s] Level 1:colcon.colcon_core.environment:checking '/home/robo/hunt_ws/install/clue_hunt_navigation' for CMake module files
[8.716s] Level 1:colcon.colcon_core.environment:checking '/home/robo/hunt_ws/install/clue_hunt_navigation' for CMake config files
[8.716s] Level 1:colcon.colcon_core.shell:create_environment_hook('clue_hunt_navigation', 'cmake_prefix_path')
[8.716s] INFO:colcon.colcon_core.shell:Creating environment hook '/home/robo/hunt_ws/install/clue_hunt_navigation/share/clue_hunt_navigation/hook/cmake_prefix_path.ps1'
[8.717s] INFO:colcon.colcon_core.shell:Creating environment descriptor '/home/robo/hunt_ws/install/clue_hunt_navigation/share/clue_hunt_navigation/hook/cmake_prefix_path.dsv'
[8.717s] INFO:colcon.colcon_core.shell:Creating environment hook '/home/robo/hunt_ws/install/clue_hunt_navigation/share/clue_hunt_navigation/hook/cmake_prefix_path.sh'
[8.717s] Level 1:colcon.colcon_core.environment:checking '/home/robo/hunt_ws/install/clue_hunt_navigation/bin'
[8.717s] Level 1:colcon.colcon_core.environment:checking '/home/robo/hunt_ws/install/clue_hunt_navigation/lib/pkgconfig/clue_hunt_navigation.pc'
[8.717s] Level 1:colcon.colcon_core.environment:checking '/home/robo/hunt_ws/install/clue_hunt_navigation/lib/python3.10/site-packages'
[8.718s] Level 1:colcon.colcon_core.environment:checking '/home/robo/hunt_ws/install/clue_hunt_navigation/bin'
[8.718s] INFO:colcon.colcon_core.shell:Creating package script '/home/robo/hunt_ws/install/clue_hunt_navigation/share/clue_hunt_navigation/package.ps1'
[8.718s] INFO:colcon.colcon_core.shell:Creating package descriptor '/home/robo/hunt_ws/install/clue_hunt_navigation/share/clue_hunt_navigation/package.dsv'
[8.718s] INFO:colcon.colcon_core.shell:Creating package script '/home/robo/hunt_ws/install/clue_hunt_navigation/share/clue_hunt_navigation/package.sh'
[8.719s] INFO:colcon.colcon_core.shell:Creating package script '/home/robo/hunt_ws/install/clue_hunt_navigation/share/clue_hunt_navigation/package.bash'
[8.719s] INFO:colcon.colcon_core.shell:Creating package script '/home/robo/hunt_ws/install/clue_hunt_navigation/share/clue_hunt_navigation/package.zsh'
[8.719s] Level 1:colcon.colcon_core.environment:create_file_with_runtime_dependencies(/home/robo/hunt_ws/install/clue_hunt_navigation/share/colcon-core/packages/clue_hunt_navigation)
[8.719s] DEBUG:colcon.colcon_parallel_executor.executor.parallel:closing loop
[8.720s] DEBUG:colcon.colcon_parallel_executor.executor.parallel:loop closed
[8.720s] DEBUG:colcon.colcon_parallel_executor.executor.parallel:run_until_complete finished with '0'
[8.720s] DEBUG:colcon.colcon_core.event_reactor:joining thread
[8.736s] INFO:colcon.colcon_core.plugin_system:Skipping extension 'colcon_notification.desktop_notification.terminal_notifier': Not used on non-Darwin systems
[8.737s] INFO:colcon.colcon_core.plugin_system:Skipping extension 'colcon_notification.desktop_notification.win32': Not used on non-Windows systems
[8.737s] INFO:colcon.colcon_notification.desktop_notification:Sending desktop notification using 'notify2'
[8.764s] DEBUG:colcon.colcon_core.event_reactor:joined thread
[8.764s] INFO:colcon.colcon_core.shell:Creating prefix script '/home/robo/hunt_ws/install/local_setup.ps1'
[8.766s] INFO:colcon.colcon_core.shell:Creating prefix util module '/home/robo/hunt_ws/install/_local_setup_util_ps1.py'
[8.768s] INFO:colcon.colcon_core.shell:Creating prefix chain script '/home/robo/hunt_ws/install/setup.ps1'
[8.786s] INFO:colcon.colcon_core.shell:Creating prefix script '/home/robo/hunt_ws/install/local_setup.sh'
[8.787s] INFO:colcon.colcon_core.shell:Creating prefix util module '/home/robo/hunt_ws/install/_local_setup_util_sh.py'
[8.787s] INFO:colcon.colcon_core.shell:Creating prefix chain script '/home/robo/hunt_ws/install/setup.sh'
[8.791s] INFO:colcon.colcon_core.shell:Creating prefix script '/home/robo/hunt_ws/install/local_setup.bash'
[8.792s] INFO:colcon.colcon_core.shell:Creating prefix chain script '/home/robo/hunt_ws/install/setup.bash'
[8.795s] INFO:colcon.colcon_core.shell:Creating prefix script '/home/robo/hunt_ws/install/local_setup.zsh'
[8.796s] INFO:colcon.colcon_core.shell:Creating prefix chain script '/home/robo/hunt_ws/install/setup.zsh'
