[0.011s] Invoking command in '/home/robo/hunt_ws/build/clue_hunt_gazebo': AMENT_PREFIX_PATH=/home/robo/hunt_ws/install/clue_hunt_description:${AMENT_PREFIX_PATH} CMAKE_PREFIX_PATH=/home/robo/hunt_ws/install/clue_hunt_description:/home/robo/pico_ws/install/whycode:/home/robo/pico_ws/install/swift_pico:/home/robo/pico_ws/install/whycode_interfaces:/home/robo/pico_ws/install/swift_pico_description:/home/robo/pico_ws/install/rotors_swift_interface:/home/robo/pico_ws/install/swift_msgs:/home/robo/pico_ws/install/rotors_swift_gazebo:/home/robo/pico_ws/install/rotors_swift_description:/home/robo/pico_ws/install/rotors_control:/home/robo/pico_ws/install/pid_tune:/home/robo/pico_ws/install/mav_comm:/home/robo/pico_ws/install/mav_system_msgs:/home/robo/pico_ws/install/mav_state_machine_msgs:/home/robo/pico_ws/install/mav_planning_msgs:/home/robo/pico_ws/install/mav_msgs:/home/robo/pico_ws/install/error_msg:/home/robo/pico_ws/install/controller_msg:/home/robo/cognipilot/cranium/install/synapse_ros:/home/robo/cognipilot/cranium/install/synapse_gz:/home/robo/cognipilot/cranium/install/synapse_tinyframe:/home/robo/cognipilot/cranium/install/synapse_protobuf:/home/robo/cognipilot/cranium/install/corti:/home/robo/cognipilot/cranium/install/synapse_msgs:/home/robo/cognipilot/cranium/install/dream_world:/home/robo/cognipilot/cranium/install/cerebri_bringup:/home/robo/cognipilot/cranium/install/b3rb_simulator:/home/robo/cognipilot/cranium/install/b3rb_desktop:/home/robo/cognipilot/cranium/install/b3rb_rviz:/home/robo/cognipilot/cranium/install/b3rb_nav2:/home/robo/cognipilot/cranium/install/b3rb_gz_resource:/home/robo/cognipilot/cranium/install/b3rb_gz_bringup:/home/robo/cognipilot/cranium/install/b3rb_description:/home/robo/cognipilot/cranium/install/b3rb_ros_line_follower:/opt/ros/humble:/home/robo/yuvaan_ws/devel:/opt/ros/noetic /usr/bin/cmake /home/robo/hunt_ws/src/clue_hunt_gazebo -DAMENT_CMAKE_SYMLINK_INSTALL=1 -DCMAKE_INSTALL_PREFIX=/home/robo/hunt_ws/install/clue_hunt_gazebo
[0.072s] -- The C compiler identification is GNU 12.3.0
[0.126s] -- The CXX compiler identification is GNU 11.4.0
[0.136s] -- Detecting C compiler ABI info
[0.219s] -- Detecting C compiler ABI info - done
[0.234s] -- Check for working C compiler: /usr/bin/cc - skipped
[0.234s] -- Detecting C compile features
[0.235s] -- Detecting C compile features - done
[0.240s] -- Detecting CXX compiler ABI info
[0.331s] -- Detecting CXX compiler ABI info - done
[0.338s] -- Check for working CXX compiler: /usr/bin/c++ - skipped
[0.338s] -- Detecting CXX compile features
[0.338s] -- Detecting CXX compile features - done
[0.345s] -- Found ament_cmake: 1.3.14 (/opt/ros/humble/share/ament_cmake/cmake)
[0.513s] -- Found Python3: /usr/bin/python3 (found version "3.10.12") found components: Interpreter 
[0.571s] -- Override CMake install command with custom implementation using symlinks instead of copying resources
[0.730s] -- Configuring done
[0.733s] -- Generating done
[0.734s] -- Build files have been written to: /home/robo/hunt_ws/build/clue_hunt_gazebo
[0.738s] Invoked command in '/home/robo/hunt_ws/build/clue_hunt_gazebo' returned '0': AMENT_PREFIX_PATH=/home/robo/hunt_ws/install/clue_hunt_description:${AMENT_PREFIX_PATH} CMAKE_PREFIX_PATH=/home/robo/hunt_ws/install/clue_hunt_description:/home/robo/pico_ws/install/whycode:/home/robo/pico_ws/install/swift_pico:/home/robo/pico_ws/install/whycode_interfaces:/home/robo/pico_ws/install/swift_pico_description:/home/robo/pico_ws/install/rotors_swift_interface:/home/robo/pico_ws/install/swift_msgs:/home/robo/pico_ws/install/rotors_swift_gazebo:/home/robo/pico_ws/install/rotors_swift_description:/home/robo/pico_ws/install/rotors_control:/home/robo/pico_ws/install/pid_tune:/home/robo/pico_ws/install/mav_comm:/home/robo/pico_ws/install/mav_system_msgs:/home/robo/pico_ws/install/mav_state_machine_msgs:/home/robo/pico_ws/install/mav_planning_msgs:/home/robo/pico_ws/install/mav_msgs:/home/robo/pico_ws/install/error_msg:/home/robo/pico_ws/install/controller_msg:/home/robo/cognipilot/cranium/install/synapse_ros:/home/robo/cognipilot/cranium/install/synapse_gz:/home/robo/cognipilot/cranium/install/synapse_tinyframe:/home/robo/cognipilot/cranium/install/synapse_protobuf:/home/robo/cognipilot/cranium/install/corti:/home/robo/cognipilot/cranium/install/synapse_msgs:/home/robo/cognipilot/cranium/install/dream_world:/home/robo/cognipilot/cranium/install/cerebri_bringup:/home/robo/cognipilot/cranium/install/b3rb_simulator:/home/robo/cognipilot/cranium/install/b3rb_desktop:/home/robo/cognipilot/cranium/install/b3rb_rviz:/home/robo/cognipilot/cranium/install/b3rb_nav2:/home/robo/cognipilot/cranium/install/b3rb_gz_resource:/home/robo/cognipilot/cranium/install/b3rb_gz_bringup:/home/robo/cognipilot/cranium/install/b3rb_description:/home/robo/cognipilot/cranium/install/b3rb_ros_line_follower:/opt/ros/humble:/home/robo/yuvaan_ws/devel:/opt/ros/noetic /usr/bin/cmake /home/robo/hunt_ws/src/clue_hunt_gazebo -DAMENT_CMAKE_SYMLINK_INSTALL=1 -DCMAKE_INSTALL_PREFIX=/home/robo/hunt_ws/install/clue_hunt_gazebo
[0.739s] Invoking command in '/home/robo/hunt_ws/build/clue_hunt_gazebo': AMENT_PREFIX_PATH=/home/robo/hunt_ws/install/clue_hunt_description:${AMENT_PREFIX_PATH} CMAKE_PREFIX_PATH=/home/robo/hunt_ws/install/clue_hunt_description:/home/robo/pico_ws/install/whycode:/home/robo/pico_ws/install/swift_pico:/home/robo/pico_ws/install/whycode_interfaces:/home/robo/pico_ws/install/swift_pico_description:/home/robo/pico_ws/install/rotors_swift_interface:/home/robo/pico_ws/install/swift_msgs:/home/robo/pico_ws/install/rotors_swift_gazebo:/home/robo/pico_ws/install/rotors_swift_description:/home/robo/pico_ws/install/rotors_control:/home/robo/pico_ws/install/pid_tune:/home/robo/pico_ws/install/mav_comm:/home/robo/pico_ws/install/mav_system_msgs:/home/robo/pico_ws/install/mav_state_machine_msgs:/home/robo/pico_ws/install/mav_planning_msgs:/home/robo/pico_ws/install/mav_msgs:/home/robo/pico_ws/install/error_msg:/home/robo/pico_ws/install/controller_msg:/home/robo/cognipilot/cranium/install/synapse_ros:/home/robo/cognipilot/cranium/install/synapse_gz:/home/robo/cognipilot/cranium/install/synapse_tinyframe:/home/robo/cognipilot/cranium/install/synapse_protobuf:/home/robo/cognipilot/cranium/install/corti:/home/robo/cognipilot/cranium/install/synapse_msgs:/home/robo/cognipilot/cranium/install/dream_world:/home/robo/cognipilot/cranium/install/cerebri_bringup:/home/robo/cognipilot/cranium/install/b3rb_simulator:/home/robo/cognipilot/cranium/install/b3rb_desktop:/home/robo/cognipilot/cranium/install/b3rb_rviz:/home/robo/cognipilot/cranium/install/b3rb_nav2:/home/robo/cognipilot/cranium/install/b3rb_gz_resource:/home/robo/cognipilot/cranium/install/b3rb_gz_bringup:/home/robo/cognipilot/cranium/install/b3rb_description:/home/robo/cognipilot/cranium/install/b3rb_ros_line_follower:/opt/ros/humble:/home/robo/yuvaan_ws/devel:/opt/ros/noetic /usr/bin/cmake --build /home/robo/hunt_ws/build/clue_hunt_gazebo -- -j12 -l12
[0.787s] Invoked command in '/home/robo/hunt_ws/build/clue_hunt_gazebo' returned '0': AMENT_PREFIX_PATH=/home/robo/hunt_ws/install/clue_hunt_description:${AMENT_PREFIX_PATH} CMAKE_PREFIX_PATH=/home/robo/hunt_ws/install/clue_hunt_description:/home/robo/pico_ws/install/whycode:/home/robo/pico_ws/install/swift_pico:/home/robo/pico_ws/install/whycode_interfaces:/home/robo/pico_ws/install/swift_pico_description:/home/robo/pico_ws/install/rotors_swift_interface:/home/robo/pico_ws/install/swift_msgs:/home/robo/pico_ws/install/rotors_swift_gazebo:/home/robo/pico_ws/install/rotors_swift_description:/home/robo/pico_ws/install/rotors_control:/home/robo/pico_ws/install/pid_tune:/home/robo/pico_ws/install/mav_comm:/home/robo/pico_ws/install/mav_system_msgs:/home/robo/pico_ws/install/mav_state_machine_msgs:/home/robo/pico_ws/install/mav_planning_msgs:/home/robo/pico_ws/install/mav_msgs:/home/robo/pico_ws/install/error_msg:/home/robo/pico_ws/install/controller_msg:/home/robo/cognipilot/cranium/install/synapse_ros:/home/robo/cognipilot/cranium/install/synapse_gz:/home/robo/cognipilot/cranium/install/synapse_tinyframe:/home/robo/cognipilot/cranium/install/synapse_protobuf:/home/robo/cognipilot/cranium/install/corti:/home/robo/cognipilot/cranium/install/synapse_msgs:/home/robo/cognipilot/cranium/install/dream_world:/home/robo/cognipilot/cranium/install/cerebri_bringup:/home/robo/cognipilot/cranium/install/b3rb_simulator:/home/robo/cognipilot/cranium/install/b3rb_desktop:/home/robo/cognipilot/cranium/install/b3rb_rviz:/home/robo/cognipilot/cranium/install/b3rb_nav2:/home/robo/cognipilot/cranium/install/b3rb_gz_resource:/home/robo/cognipilot/cranium/install/b3rb_gz_bringup:/home/robo/cognipilot/cranium/install/b3rb_description:/home/robo/cognipilot/cranium/install/b3rb_ros_line_follower:/opt/ros/humble:/home/robo/yuvaan_ws/devel:/opt/ros/noetic /usr/bin/cmake --build /home/robo/hunt_ws/build/clue_hunt_gazebo -- -j12 -l12
[0.787s] Invoking command in '/home/robo/hunt_ws/build/clue_hunt_gazebo': AMENT_PREFIX_PATH=/home/robo/hunt_ws/install/clue_hunt_description:${AMENT_PREFIX_PATH} CMAKE_PREFIX_PATH=/home/robo/hunt_ws/install/clue_hunt_description:/home/robo/pico_ws/install/whycode:/home/robo/pico_ws/install/swift_pico:/home/robo/pico_ws/install/whycode_interfaces:/home/robo/pico_ws/install/swift_pico_description:/home/robo/pico_ws/install/rotors_swift_interface:/home/robo/pico_ws/install/swift_msgs:/home/robo/pico_ws/install/rotors_swift_gazebo:/home/robo/pico_ws/install/rotors_swift_description:/home/robo/pico_ws/install/rotors_control:/home/robo/pico_ws/install/pid_tune:/home/robo/pico_ws/install/mav_comm:/home/robo/pico_ws/install/mav_system_msgs:/home/robo/pico_ws/install/mav_state_machine_msgs:/home/robo/pico_ws/install/mav_planning_msgs:/home/robo/pico_ws/install/mav_msgs:/home/robo/pico_ws/install/error_msg:/home/robo/pico_ws/install/controller_msg:/home/robo/cognipilot/cranium/install/synapse_ros:/home/robo/cognipilot/cranium/install/synapse_gz:/home/robo/cognipilot/cranium/install/synapse_tinyframe:/home/robo/cognipilot/cranium/install/synapse_protobuf:/home/robo/cognipilot/cranium/install/corti:/home/robo/cognipilot/cranium/install/synapse_msgs:/home/robo/cognipilot/cranium/install/dream_world:/home/robo/cognipilot/cranium/install/cerebri_bringup:/home/robo/cognipilot/cranium/install/b3rb_simulator:/home/robo/cognipilot/cranium/install/b3rb_desktop:/home/robo/cognipilot/cranium/install/b3rb_rviz:/home/robo/cognipilot/cranium/install/b3rb_nav2:/home/robo/cognipilot/cranium/install/b3rb_gz_resource:/home/robo/cognipilot/cranium/install/b3rb_gz_bringup:/home/robo/cognipilot/cranium/install/b3rb_description:/home/robo/cognipilot/cranium/install/b3rb_ros_line_follower:/opt/ros/humble:/home/robo/yuvaan_ws/devel:/opt/ros/noetic /usr/bin/cmake --install /home/robo/hunt_ws/build/clue_hunt_gazebo
[0.796s] -- Install configuration: ""
[0.796s] -- Execute custom install script
[0.797s] -- Symlinking: /home/robo/hunt_ws/install/clue_hunt_gazebo/share/clue_hunt_gazebo/launch/sim.launch.py
[0.808s] -- Symlinking: /home/robo/hunt_ws/install/clue_hunt_gazebo/share/clue_hunt_gazebo/worlds/practice.sdf
[0.819s] -- Symlinking: /home/robo/hunt_ws/install/clue_hunt_gazebo/share/clue_hunt_gazebo/models/board_practice_b1/meshes/board_practice_b1.mtl
[0.830s] -- Symlinking: /home/robo/hunt_ws/install/clue_hunt_gazebo/share/clue_hunt_gazebo/models/board_practice_b1/meshes/board_practice_b1.obj
[0.839s] -- Symlinking: /home/robo/hunt_ws/install/clue_hunt_gazebo/share/clue_hunt_gazebo/models/board_practice_b1/meshes/board_practice_b1.png
[0.850s] -- Symlinking: /home/robo/hunt_ws/install/clue_hunt_gazebo/share/clue_hunt_gazebo/models/board_practice_b1/model.config
[0.860s] -- Symlinking: /home/robo/hunt_ws/install/clue_hunt_gazebo/share/clue_hunt_gazebo/models/board_practice_b1/model.sdf
[0.871s] -- Symlinking: /home/robo/hunt_ws/install/clue_hunt_gazebo/share/clue_hunt_gazebo/models/board_practice_b2/meshes/board_practice_b2.mtl
[0.881s] -- Symlinking: /home/robo/hunt_ws/install/clue_hunt_gazebo/share/clue_hunt_gazebo/models/board_practice_b2/meshes/board_practice_b2.obj
[0.892s] -- Symlinking: /home/robo/hunt_ws/install/clue_hunt_gazebo/share/clue_hunt_gazebo/models/board_practice_b2/meshes/board_practice_b2.png
[0.901s] -- Symlinking: /home/robo/hunt_ws/install/clue_hunt_gazebo/share/clue_hunt_gazebo/models/board_practice_b2/model.config
[0.912s] -- Symlinking: /home/robo/hunt_ws/install/clue_hunt_gazebo/share/clue_hunt_gazebo/models/board_practice_b2/model.sdf
[0.922s] -- Symlinking: /home/robo/hunt_ws/install/clue_hunt_gazebo/share/clue_hunt_gazebo/models/board_practice_b3/meshes/board_practice_b3.mtl
[0.932s] -- Symlinking: /home/robo/hunt_ws/install/clue_hunt_gazebo/share/clue_hunt_gazebo/models/board_practice_b3/meshes/board_practice_b3.obj
[0.942s] -- Symlinking: /home/robo/hunt_ws/install/clue_hunt_gazebo/share/clue_hunt_gazebo/models/board_practice_b3/meshes/board_practice_b3.png
[0.953s] -- Symlinking: /home/robo/hunt_ws/install/clue_hunt_gazebo/share/clue_hunt_gazebo/models/board_practice_b3/model.config
[0.964s] -- Symlinking: /home/robo/hunt_ws/install/clue_hunt_gazebo/share/clue_hunt_gazebo/models/board_practice_b3/model.sdf
[0.974s] -- Symlinking: /home/robo/hunt_ws/install/clue_hunt_gazebo/share/clue_hunt_gazebo/models/board_practice_b4/meshes/board_practice_b4.mtl
[0.984s] -- Symlinking: /home/robo/hunt_ws/install/clue_hunt_gazebo/share/clue_hunt_gazebo/models/board_practice_b4/meshes/board_practice_b4.obj
[0.994s] -- Symlinking: /home/robo/hunt_ws/install/clue_hunt_gazebo/share/clue_hunt_gazebo/models/board_practice_b4/meshes/board_practice_b4.png
[1.004s] -- Symlinking: /home/robo/hunt_ws/install/clue_hunt_gazebo/share/clue_hunt_gazebo/models/board_practice_b4/model.config
[1.016s] -- Symlinking: /home/robo/hunt_ws/install/clue_hunt_gazebo/share/clue_hunt_gazebo/models/board_practice_b4/model.sdf
[1.026s] -- Symlinking: /home/robo/hunt_ws/install/clue_hunt_gazebo/share/clue_hunt_gazebo/models/board_practice_b5/meshes/board_practice_b5.mtl
[1.036s] -- Symlinking: /home/robo/hunt_ws/install/clue_hunt_gazebo/share/clue_hunt_gazebo/models/board_practice_b5/meshes/board_practice_b5.obj
[1.046s] -- Symlinking: /home/robo/hunt_ws/install/clue_hunt_gazebo/share/clue_hunt_gazebo/models/board_practice_b5/meshes/board_practice_b5.png
[1.056s] -- Symlinking: /home/robo/hunt_ws/install/clue_hunt_gazebo/share/clue_hunt_gazebo/models/board_practice_b5/model.config
[1.068s] -- Symlinking: /home/robo/hunt_ws/install/clue_hunt_gazebo/share/clue_hunt_gazebo/models/board_practice_b5/model.sdf
[1.079s] -- Symlinking: /home/robo/hunt_ws/install/clue_hunt_gazebo/share/clue_hunt_gazebo/models/board_practice_d7/meshes/board_practice_d7.mtl
[1.088s] -- Symlinking: /home/robo/hunt_ws/install/clue_hunt_gazebo/share/clue_hunt_gazebo/models/board_practice_d7/meshes/board_practice_d7.obj
[1.100s] -- Symlinking: /home/robo/hunt_ws/install/clue_hunt_gazebo/share/clue_hunt_gazebo/models/board_practice_d7/meshes/board_practice_d7.png
[1.111s] -- Symlinking: /home/robo/hunt_ws/install/clue_hunt_gazebo/share/clue_hunt_gazebo/models/board_practice_d7/model.config
[1.122s] -- Symlinking: /home/robo/hunt_ws/install/clue_hunt_gazebo/share/clue_hunt_gazebo/models/board_practice_d7/model.sdf
[1.132s] -- Symlinking: /home/robo/hunt_ws/install/clue_hunt_gazebo/share/clue_hunt_gazebo/models/board_practice_x4/meshes/board_practice_x4.mtl
[1.143s] -- Symlinking: /home/robo/hunt_ws/install/clue_hunt_gazebo/share/clue_hunt_gazebo/models/board_practice_x4/meshes/board_practice_x4.obj
[1.154s] -- Symlinking: /home/robo/hunt_ws/install/clue_hunt_gazebo/share/clue_hunt_gazebo/models/board_practice_x4/meshes/board_practice_x4.png
[1.165s] -- Symlinking: /home/robo/hunt_ws/install/clue_hunt_gazebo/share/clue_hunt_gazebo/models/board_practice_x4/model.config
[1.176s] -- Symlinking: /home/robo/hunt_ws/install/clue_hunt_gazebo/share/clue_hunt_gazebo/models/board_practice_x4/model.sdf
[1.186s] -- Symlinking: /home/robo/hunt_ws/install/clue_hunt_gazebo/share/clue_hunt_gazebo/models/roboclub_banner/meshes/roboclub_banner.mtl
[1.197s] -- Symlinking: /home/robo/hunt_ws/install/clue_hunt_gazebo/share/clue_hunt_gazebo/models/roboclub_banner/meshes/roboclub_banner.obj
[1.208s] -- Symlinking: /home/robo/hunt_ws/install/clue_hunt_gazebo/share/clue_hunt_gazebo/models/roboclub_banner/meshes/roboclub_banner.png
[1.218s] -- Symlinking: /home/robo/hunt_ws/install/clue_hunt_gazebo/share/clue_hunt_gazebo/models/roboclub_banner/model.config
[1.229s] -- Symlinking: /home/robo/hunt_ws/install/clue_hunt_gazebo/share/clue_hunt_gazebo/models/roboclub_banner/model.sdf
[1.242s] -- Symlinking: /home/robo/hunt_ws/install/clue_hunt_gazebo/share/ament_index/resource_index/package_run_dependencies/clue_hunt_gazebo
[1.252s] -- Symlinking: /home/robo/hunt_ws/install/clue_hunt_gazebo/share/ament_index/resource_index/parent_prefix_path/clue_hunt_gazebo
[1.262s] -- Symlinking: /home/robo/hunt_ws/install/clue_hunt_gazebo/share/clue_hunt_gazebo/environment/ament_prefix_path.sh
[1.274s] -- Symlinking: /home/robo/hunt_ws/install/clue_hunt_gazebo/share/clue_hunt_gazebo/environment/ament_prefix_path.dsv
[1.284s] -- Symlinking: /home/robo/hunt_ws/install/clue_hunt_gazebo/share/clue_hunt_gazebo/environment/path.sh
[1.294s] -- Symlinking: /home/robo/hunt_ws/install/clue_hunt_gazebo/share/clue_hunt_gazebo/environment/path.dsv
[1.305s] -- Symlinking: /home/robo/hunt_ws/install/clue_hunt_gazebo/share/clue_hunt_gazebo/local_setup.bash
[1.317s] -- Symlinking: /home/robo/hunt_ws/install/clue_hunt_gazebo/share/clue_hunt_gazebo/local_setup.sh
[1.328s] -- Symlinking: /home/robo/hunt_ws/install/clue_hunt_gazebo/share/clue_hunt_gazebo/local_setup.zsh
[1.339s] -- Symlinking: /home/robo/hunt_ws/install/clue_hunt_gazebo/share/clue_hunt_gazebo/local_setup.dsv
[1.350s] -- Symlinking: /home/robo/hunt_ws/install/clue_hunt_gazebo/share/clue_hunt_gazebo/package.dsv
[1.360s] -- Symlinking: /home/robo/hunt_ws/install/clue_hunt_gazebo/share/ament_index/resource_index/packages/clue_hunt_gazebo
[1.371s] -- Symlinking: /home/robo/hunt_ws/install/clue_hunt_gazebo/share/clue_hunt_gazebo/cmake/clue_hunt_gazeboConfig.cmake
[1.382s] -- Symlinking: /home/robo/hunt_ws/install/clue_hunt_gazebo/share/clue_hunt_gazebo/cmake/clue_hunt_gazeboConfig-version.cmake
[1.392s] -- Symlinking: /home/robo/hunt_ws/install/clue_hunt_gazebo/share/clue_hunt_gazebo/package.xml
[1.407s] Invoked command in '/home/robo/hunt_ws/build/clue_hunt_gazebo' returned '0': AMENT_PREFIX_PATH=/home/robo/hunt_ws/install/clue_hunt_description:${AMENT_PREFIX_PATH} CMAKE_PREFIX_PATH=/home/robo/hunt_ws/install/clue_hunt_description:/home/robo/pico_ws/install/whycode:/home/robo/pico_ws/install/swift_pico:/home/robo/pico_ws/install/whycode_interfaces:/home/robo/pico_ws/install/swift_pico_description:/home/robo/pico_ws/install/rotors_swift_interface:/home/robo/pico_ws/install/swift_msgs:/home/robo/pico_ws/install/rotors_swift_gazebo:/home/robo/pico_ws/install/rotors_swift_description:/home/robo/pico_ws/install/rotors_control:/home/robo/pico_ws/install/pid_tune:/home/robo/pico_ws/install/mav_comm:/home/robo/pico_ws/install/mav_system_msgs:/home/robo/pico_ws/install/mav_state_machine_msgs:/home/robo/pico_ws/install/mav_planning_msgs:/home/robo/pico_ws/install/mav_msgs:/home/robo/pico_ws/install/error_msg:/home/robo/pico_ws/install/controller_msg:/home/robo/cognipilot/cranium/install/synapse_ros:/home/robo/cognipilot/cranium/install/synapse_gz:/home/robo/cognipilot/cranium/install/synapse_tinyframe:/home/robo/cognipilot/cranium/install/synapse_protobuf:/home/robo/cognipilot/cranium/install/corti:/home/robo/cognipilot/cranium/install/synapse_msgs:/home/robo/cognipilot/cranium/install/dream_world:/home/robo/cognipilot/cranium/install/cerebri_bringup:/home/robo/cognipilot/cranium/install/b3rb_simulator:/home/robo/cognipilot/cranium/install/b3rb_desktop:/home/robo/cognipilot/cranium/install/b3rb_rviz:/home/robo/cognipilot/cranium/install/b3rb_nav2:/home/robo/cognipilot/cranium/install/b3rb_gz_resource:/home/robo/cognipilot/cranium/install/b3rb_gz_bringup:/home/robo/cognipilot/cranium/install/b3rb_description:/home/robo/cognipilot/cranium/install/b3rb_ros_line_follower:/opt/ros/humble:/home/robo/yuvaan_ws/devel:/opt/ros/noetic /usr/bin/cmake --install /home/robo/hunt_ws/build/clue_hunt_gazebo
